[    0.000000] Initializing cgroup subsys cpuset
[    0.000000] Initializing cgroup subsys cpu
[    0.000000] Initializing cgroup subsys cpuacct
[    0.000000] Linux version 4.4.0-210-generic (buildd@lgw01-amd64-009) (gcc version 5.4.0 20160609 (Ubuntu 5.4.0-6ubuntu1~16.04.12) ) #242-Ubuntu SMP Fri Apr 16 09:57:56 UTC 2021 (Ubuntu 4.4.0-210.242-generic 4.4.262)
[    0.000000] Command line: BOOT_IMAGE=/boot/vmlinuz-4.4.0-210-generic root=LABEL=cloudimg-rootfs ro console=tty1 console=ttyS0
[    0.000000] KERNEL supported cpus:
[    0.000000]   Intel GenuineIntel
[    0.000000]   AMD AuthenticAMD
[    0.000000]   Centaur CentaurHauls
[    0.000000] [Firmware Bug]: TSC doesn't count with P0 frequency!
[    0.000000] x86/fpu: xstate_offset[2]:  576, xstate_sizes[2]:  256
[    0.000000] x86/fpu: Supporting XSAVE feature 0x01: 'x87 floating point registers'
[    0.000000] x86/fpu: Supporting XSAVE feature 0x02: 'SSE registers'
[    0.000000] x86/fpu: Supporting XSAVE feature 0x04: 'AVX registers'
[    0.000000] x86/fpu: Enabled xstate features 0x7, context size is 832 bytes, using 'standard' format.
[    0.000000] e820: BIOS-provided physical RAM map:
[    0.000000] BIOS-e820: [mem 0x0000000000000000-0x000000000009fbff] usable
[    0.000000] BIOS-e820: [mem 0x000000000009fc00-0x000000000009ffff] reserved
[    0.000000] BIOS-e820: [mem 0x00000000000f0000-0x00000000000fffff] reserved
[    0.000000] BIOS-e820: [mem 0x0000000000100000-0x000000003ffeffff] usable
[    0.000000] BIOS-e820: [mem 0x000000003fff0000-0x000000003fffffff] ACPI data
[    0.000000] BIOS-e820: [mem 0x00000000fec00000-0x00000000fec00fff] reserved
[    0.000000] BIOS-e820: [mem 0x00000000fee00000-0x00000000fee00fff] reserved
[    0.000000] BIOS-e820: [mem 0x00000000fffc0000-0x00000000ffffffff] reserved
[    0.000000] NX (Execute Disable) protection: active
[    0.000000] SMBIOS 2.5 present.
[    0.000000] Hypervisor detected: KVM
[    0.000000] Kernel/User page tables isolation: disabled
[    0.000000] AGP: No AGP bridge found
[    0.000000] e820: last_pfn = 0x3fff0 max_arch_pfn = 0x400000000
[    0.000000] MTRR: Disabled
[    0.000000] x86/PAT: MTRRs disabled, skipping PAT initialization too.
[    0.000000] CPU MTRRs all blank - virtualized system.
[    0.000000] x86/PAT: Configuration [0-7]: WB  WT  UC- UC  WB  WT  UC- UC  
[    0.000000] found SMP MP-table at [mem 0x0009fff0-0x0009ffff] mapped at [ffff88000009fff0]
[    0.000000] Scanning 1 areas for low memory corruption
[    0.000000] RAMDISK: [mem 0x362dc000-0x37165fff]
[    0.000000] ACPI: Early table checksum verification disabled
[    0.000000] ACPI: RSDP 0x00000000000E0000 000024 (v02 VBOX  )
[    0.000000] ACPI: XSDT 0x000000003FFF0030 00003C (v01 VBOX   VBOXXSDT 00000001 ASL  00000061)
[    0.000000] ACPI: FACP 0x000000003FFF00F0 0000F4 (v04 VBOX   VBOXFACP 00000001 ASL  00000061)
[    0.000000] ACPI: DSDT 0x000000003FFF0470 002325 (v02 VBOX   VBOXBIOS 00000002 INTL 20100528)
[    0.000000] ACPI: FACS 0x000000003FFF0200 000040
[    0.000000] ACPI: FACS 0x000000003FFF0200 000040
[    0.000000] ACPI: APIC 0x000000003FFF0240 00005C (v02 VBOX   VBOXAPIC 00000001 ASL  00000061)
[    0.000000] ACPI: SSDT 0x000000003FFF02A0 0001CC (v01 VBOX   VBOXCPUT 00000002 INTL 20100528)
[    0.000000] No NUMA configuration found
[    0.000000] Faking a node at [mem 0x0000000000000000-0x000000003ffeffff]
[    0.000000] NODE_DATA(0) allocated [mem 0x3ffeb000-0x3ffeffff]
[    0.000000] kvm-clock: Using msrs 4b564d01 and 4b564d00
[    0.000000] kvm-clock: cpu 0, msr 0:3ffe3001, primary cpu clock
[    0.000000] kvm-clock: using sched offset of 4041512745 cycles
[    0.000000] clocksource: kvm-clock: mask: 0xffffffffffffffff max_cycles: 0x1cd42e4dffb, max_idle_ns: 881590591483 ns
[    0.000000] Zone ranges:
[    0.000000]   DMA      [mem 0x0000000000001000-0x0000000000ffffff]
[    0.000000]   DMA32    [mem 0x0000000001000000-0x000000003ffeffff]
[    0.000000]   Normal   empty
[    0.000000]   Device   empty
[    0.000000] Movable zone start for each node
[    0.000000] Early memory node ranges
[    0.000000]   node   0: [mem 0x0000000000001000-0x000000000009efff]
[    0.000000]   node   0: [mem 0x0000000000100000-0x000000003ffeffff]
[    0.000000] Initmem setup node 0 [mem 0x0000000000001000-0x000000003ffeffff]
[    0.000000] ACPI: PM-Timer IO Port: 0x4008
[    0.000000] IOAPIC[0]: apic_id 2, version 32, address 0xfec00000, GSI 0-23
[    0.000000] ACPI: INT_SRC_OVR (bus 0 bus_irq 0 global_irq 2 dfl dfl)
[    0.000000] ACPI: INT_SRC_OVR (bus 0 bus_irq 9 global_irq 9 low level)
[    0.000000] Using ACPI (MADT) for SMP configuration information
[    0.000000] smpboot: Allowing 2 CPUs, 0 hotplug CPUs
[    0.000000] PM: Registered nosave memory: [mem 0x00000000-0x00000fff]
[    0.000000] PM: Registered nosave memory: [mem 0x0009f000-0x0009ffff]
[    0.000000] PM: Registered nosave memory: [mem 0x000a0000-0x000effff]
[    0.000000] PM: Registered nosave memory: [mem 0x000f0000-0x000fffff]
[    0.000000] e820: [mem 0x40000000-0xfebfffff] available for PCI devices
[    0.000000] Booting paravirtualized kernel on KVM
[    0.000000] clocksource: refined-jiffies: mask: 0xffffffff max_cycles: 0xffffffff, max_idle_ns: 7645519600211568 ns
[    0.000000] setup_percpu: NR_CPUS:512 nr_cpumask_bits:512 nr_cpu_ids:2 nr_node_ids:1
[    0.000000] PERCPU: Embedded 33 pages/cpu @ffff88003fc00000 s95192 r8192 d31784 u1048576
[    0.000000] Built 1 zonelists in Node order, mobility grouping on.  Total pages: 257912
[    0.000000] Policy zone: DMA32
[    0.000000] Kernel command line: BOOT_IMAGE=/boot/vmlinuz-4.4.0-210-generic root=LABEL=cloudimg-rootfs ro console=tty1 console=ttyS0
[    0.000000] PID hash table entries: 4096 (order: 3, 32768 bytes)
[    0.000000] AGP: Checking aperture...
[    0.000000] AGP: No AGP bridge found
[    0.000000] Memory: 997792K/1048120K available (8644K kernel code, 1332K rwdata, 4044K rodata, 1492K init, 1164K bss, 50328K reserved, 0K cma-reserved)
[    0.000000] SLUB: HWalign=64, Order=0-3, MinObjects=0, CPUs=2, Nodes=1
[    0.000000] Hierarchical RCU implementation.
[    0.000000] 	Build-time adjustment of leaf fanout to 64.
[    0.000000] 	RCU restricting CPUs from NR_CPUS=512 to nr_cpu_ids=2.
[    0.000000] RCU: Adjusting geometry for rcu_fanout_leaf=64, nr_cpu_ids=2
[    0.000000] NR_IRQS:33024 nr_irqs:440 16
[    0.000000] Console: colour VGA+ 80x25
[    0.000000] console [tty1] enabled
[    0.000000] console [ttyS0] enabled
[    0.000000] tsc: Detected 4013.508 MHz processor
[    0.312522] Calibrating delay loop (skipped) preset value.. 8027.01 BogoMIPS (lpj=16054032)
[    0.316043] pid_max: default: 32768 minimum: 301
[    0.317749] ACPI: Core revision 20150930
[    0.320121] ACPI: 2 ACPI AML tables successfully acquired and loaded
[    0.322961] Security Framework initialized
[    0.324737] Yama: becoming mindful.
[    0.326078] AppArmor: AppArmor initialized
[    0.327612] Dentry cache hash table entries: 131072 (order: 8, 1048576 bytes)
[    0.330036] Inode-cache hash table entries: 65536 (order: 7, 524288 bytes)
[    0.335428] Mount-cache hash table entries: 2048 (order: 2, 16384 bytes)
[    0.337708] Mountpoint-cache hash table entries: 2048 (order: 2, 16384 bytes)
[    0.340882] Initializing cgroup subsys io
[    0.342348] Initializing cgroup subsys memory
[    0.343928] Initializing cgroup subsys devices
[    0.345502] Initializing cgroup subsys freezer
[    0.348413] Initializing cgroup subsys net_cls
[    0.350793] Initializing cgroup subsys perf_event
[    0.352700] Initializing cgroup subsys net_prio
[    0.354367] Initializing cgroup subsys hugetlb
[    0.356252] Initializing cgroup subsys pids
[    0.358045] mce: CPU supports 0 MCE banks
[    0.359810] Last level iTLB entries: 4KB 512, 2MB 1024, 4MB 512
[    0.362620] Last level dTLB entries: 4KB 1024, 2MB 1024, 4MB 512, 1GB 0
[    0.364830] Spectre V1 : Mitigation: usercopy/swapgs barriers and __user pointer sanitization
[    0.368212] Spectre V2 : Spectre mitigation: LFENCE not serializing, switching to generic retpoline
[    0.371418] Spectre V2 : Mitigation: Full generic retpoline
[    0.373567] Spectre V2 : Spectre v2 / SpectreRSB mitigation: Filling RSB on context switch
[    0.376421] Speculative Store Bypass: Mitigation: Speculative Store Bypass disabled via prctl and seccomp
[    0.383674] Freeing SMP alternatives memory: 36K
[    0.392378] ftrace: allocating 32380 entries in 127 pages
[    0.460616] smpboot: APIC(0) Converting physical 0 to logical package 0
[    0.463019] smpboot: Max logical packages: 1
[    0.465414] x2apic enabled
[    0.467065] Switched APIC routing to physical x2apic.
[    0.470483] ..TIMER: vector=0x30 apic1=0 pin1=2 apic2=-1 pin2=-1
[    0.580478] APIC calibration not consistent with PM-Timer: 109ms instead of 100ms
[    0.583993] APIC delta adjusted to PM-Timer: 6443729 (7077150)
[    0.587531] smpboot: CPU0: AMD FX(tm)-8350 Eight-Core Processor (family: 0x15, model: 0x2, stepping: 0x0)
[    0.591865] Performance Events: Broken PMU hardware detected, using software events only.
[    0.594864] Failed to access perfctr msr (MSR c0010007 is 0)
[    0.608570] KVM setup paravirtual spinlock
[    0.611201] x86: Booting SMP configuration:
[    0.612651] .... node  #0, CPUs:      #1
[    0.614285] kvm-clock: cpu 1, msr 0:3ffe3041, secondary cpu clock
[    0.616721] mce: CPU supports 0 MCE banks
[    0.620218] x86: Booted up 1 node, 2 CPUs
[    0.622131] smpboot: Total of 2 processors activated (16054.03 BogoMIPS)
[    0.625322] devtmpfs: initialized
[    0.629394] evm: security.selinux
[    0.630914] evm: security.SMACK64
[    0.632317] evm: security.SMACK64EXEC
[    0.633675] evm: security.SMACK64TRANSMUTE
[    0.635113] evm: security.SMACK64MMAP
[    0.636639] evm: security.ima
[    0.637797] evm: security.capability
[    0.641150] clocksource: jiffies: mask: 0xffffffff max_cycles: 0xffffffff, max_idle_ns: 7645041785100000 ns
[    0.644693] futex hash table entries: 512 (order: 3, 32768 bytes)
[    0.647092] pinctrl core: initialized pinctrl subsystem
[    0.649132] RTC time: 11:02:56, date: 06/08/22
[    0.651079] NET: Registered protocol family 16
[    0.660690] cpuidle: using governor ladder
[    0.668538] cpuidle: using governor menu
[    0.670118] PCCT header not found.
[    0.671697] ACPI: bus type PCI registered
[    0.673146] acpiphp: ACPI Hot Plug PCI Controller Driver version: 0.5
[    0.675196] PCI: Using configuration type 1 for base access
[    0.677168] PCI: Using configuration type 1 for extended access
[    0.687400] ACPI: Added _OSI(Module Device)
[    0.688844] ACPI: Added _OSI(Processor Device)
[    0.690539] ACPI: Added _OSI(3.0 _SCP Extensions)
[    0.692279] ACPI: Added _OSI(Processor Aggregator Device)
[    0.695396] ACPI: Executed 1 blocks of module-level executable AML code
[    0.701154] ACPI: Interpreter enabled
[    0.702486] ACPI: (supports S0 S5)
[    0.703991] ACPI: Using IOAPIC for interrupt routing
[    0.706179] PCI: Using host bridge windows from ACPI; if necessary, use "pci=nocrs" and report a bug
[    0.713858] ACPI: PCI Root Bridge [PCI0] (domain 0000 [bus 00-ff])
[    0.716542] acpi PNP0A03:00: _OSC: OS supports [ExtendedConfig ASPM ClockPM Segments MSI]
[    0.720864] acpi PNP0A03:00: _OSC: platform does not support [PCIeCapability]
[    0.723663] acpi PNP0A03:00: _OSC: not requesting control; platform does not support [PCIeCapability]
[    0.727221] acpi PNP0A03:00: _OSC: OS requested [PCIeHotplug PME AER PCIeCapability]
[    0.743217] acpi PNP0A03:00: _OSC: platform willing to grant [PCIeHotplug PME AER]
[    0.745944] acpi PNP0A03:00: _OSC failed (AE_SUPPORT); disabling ASPM
[    0.748612] PCI host bridge to bus 0000:00
[    0.750286] pci_bus 0000:00: root bus resource [io  0x0000-0x0cf7 window]
[    0.752592] pci_bus 0000:00: root bus resource [io  0x0d00-0xffff window]
[    0.754931] pci_bus 0000:00: root bus resource [mem 0x000a0000-0x000bffff window]
[    0.757939] pci_bus 0000:00: root bus resource [mem 0x40000000-0xfdffffff window]
[    0.760853] pci_bus 0000:00: root bus resource [bus 00-ff]
[    0.765196] pci 0000:00:01.1: legacy IDE quirk: reg 0x10: [io  0x01f0-0x01f7]
[    0.767662] pci 0000:00:01.1: legacy IDE quirk: reg 0x14: [io  0x03f6]
[    0.770035] pci 0000:00:01.1: legacy IDE quirk: reg 0x18: [io  0x0170-0x0177]
[    0.772464] pci 0000:00:01.1: legacy IDE quirk: reg 0x1c: [io  0x0376]
[    0.798102] pci 0000:00:07.0: quirk: [io  0x4000-0x403f] claimed by PIIX4 ACPI
[    0.801069] pci 0000:00:07.0: quirk: [io  0x4100-0x410f] claimed by PIIX4 SMB
[    0.817061] ACPI: PCI Interrupt Link [LNKA] (IRQs 5 9 10 *11)
[    0.819827] ACPI: PCI Interrupt Link [LNKB] (IRQs 5 9 *10 11)
[    0.822240] ACPI: PCI Interrupt Link [LNKC] (IRQs 5 *9 10 11)
[    0.824897] ACPI: PCI Interrupt Link [LNKD] (IRQs 5 9 10 *11)
[    0.827342] ACPI: Enabled 2 GPEs in block 00 to 07
[    0.829801] vgaarb: setting as boot device: PCI:0000:00:02.0
[    0.831499] vgaarb: device added: PCI:0000:00:02.0,decodes=io+mem,owns=io+mem,locks=none
[    0.834199] vgaarb: loaded
[    0.835304] vgaarb: bridge control possible 0000:00:02.0
[    0.837085] SCSI subsystem initialized
[    0.838566] ACPI: bus type USB registered
[    0.840013] usbcore: registered new interface driver usbfs
[    0.842212] usbcore: registered new interface driver hub
[    0.844655] usbcore: registered new device driver usb
[    0.846469] PCI: Using ACPI for IRQ routing
[    0.848433] NetLabel: Initializing
[    0.849575] NetLabel:  domain hash size = 128
[    0.851072] NetLabel:  protocols = UNLABELED CIPSOv4
[    0.852624] NetLabel:  unlabeled traffic allowed by default
[    0.854534] amd_nb: Cannot enumerate AMD northbridges
[    0.856102] clocksource: Switched to clocksource kvm-clock
[    0.871261] AppArmor: AppArmor Filesystem Enabled
[    0.872773] pnp: PnP ACPI init
[    0.875253] pnp: PnP ACPI: found 3 devices
[    0.887090] clocksource: acpi_pm: mask: 0xffffff max_cycles: 0xffffff, max_idle_ns: 2085701024 ns
[    0.889836] NET: Registered protocol family 2
[    0.892094] TCP established hash table entries: 8192 (order: 4, 65536 bytes)
[    0.894546] TCP bind hash table entries: 8192 (order: 5, 131072 bytes)
[    0.896786] TCP: Hash tables configured (established 8192 bind 8192)
[    0.898551] UDP hash table entries: 512 (order: 2, 16384 bytes)
[    0.900144] UDP-Lite hash table entries: 512 (order: 2, 16384 bytes)
[    0.902051] NET: Registered protocol family 1
[    0.903636] pci 0000:00:00.0: Limiting direct PCI/PCI transfers
[    0.905548] pci 0000:00:01.0: Activating ISA DMA hang workarounds
[    0.907899] Unpacking initramfs...
[    1.184889] Freeing initrd memory: 14888K
[    1.186481] clocksource: tsc: mask: 0xffffffffffffffff max_cycles: 0x39da34de843, max_idle_ns: 440795347293 ns
[    1.190268] platform rtc_cmos: registered platform RTC device (no PNP device found)
[    1.193168] Scanning for low memory corruption every 60 seconds
[    1.196156] audit: initializing netlink subsys (disabled)
[    1.198036] audit: type=2000 audit(1654686182.658:1): initialized
[    1.200025] Initialise system trusted keyring
[    1.202157] HugeTLB registered 2 MB page size, pre-allocated 0 pages
[    1.206019] zbud: loaded
[    1.207559] VFS: Disk quotas dquot_6.6.0
[    1.209129] VFS: Dquot-cache hash table entries: 512 (order 0, 4096 bytes)
[    1.212335] squashfs: version 4.0 (2009/01/31) Phillip Lougher
[    1.214671] fuse init (API version 7.23)
[    1.218471] Key type big_key registered
[    1.219921] Allocating IMA MOK and blacklist keyrings.
[    1.224786] Key type asymmetric registered
[    1.226557] Asymmetric key parser 'x509' registered
[    1.228711] Block layer SCSI generic (bsg) driver version 0.4 loaded (major 249)
[    1.231430] io scheduler noop registered
[    1.232732] io scheduler deadline registered (default)
[    1.234310] io scheduler cfq registered
[    1.235935] pci_hotplug: PCI Hot Plug PCI Core version: 0.5
[    1.237789] pciehp: PCI Express Hot Plug Controller Driver version: 0.4
[    1.240061] ACPI: AC Adapter [AC] (on-line)
[    1.242541] input: Power Button as /devices/LNXSYSTM:00/LNXPWRBN:00/input/input0
[    1.245187] ACPI: Power Button [PWRF]
[    1.246601] input: Sleep Button as /devices/LNXSYSTM:00/LNXSLPBN:00/input/input1
[    1.249719] ACPI: Sleep Button [SLPF]
[    1.251543] GHES: HEST is not enabled!
[    1.253396] Serial: 8250/16550 driver, 32 ports, IRQ sharing enabled
[    1.276332] 00:02: ttyS0 at I/O 0x3f8 (irq = 4, base_baud = 115200) is a 16550A
[    1.282919] Linux agpgart interface v0.103
[    1.287081] loop: module loaded
[    1.289082] scsi host0: ata_piix
[    1.290818] scsi host1: ata_piix
[    1.292183] ata1: PATA max UDMA/33 cmd 0x1f0 ctl 0x3f6 bmdma 0xd000 irq 14
[    1.294364] ata2: PATA max UDMA/33 cmd 0x170 ctl 0x376 bmdma 0xd008 irq 15
[    1.296440] libphy: Fixed MDIO Bus: probed
[    1.297923] tun: Universal TUN/TAP device driver, 1.6
[    1.299542] tun: (C) 1999-2004 Max Krasnyansky <maxk@qualcomm.com>
[    1.302193] PPP generic driver version 2.4.2
[    1.304586] ehci_hcd: USB 2.0 'Enhanced' Host Controller (EHCI) Driver
[    1.307517] ehci-pci: EHCI PCI platform driver
[    1.309044] ehci-platform: EHCI generic platform driver
[    1.310621] ohci_hcd: USB 1.1 'Open' Host Controller (OHCI) Driver
[    1.312443] ohci-pci: OHCI PCI platform driver
[    1.314044] ohci-platform: OHCI generic platform driver
[    1.315649] uhci_hcd: USB Universal Host Controller Interface driver
[    1.318127] i8042: PNP: PS/2 Controller [PNP0303:PS2K,PNP0f03:PS2M] at 0x60,0x64 irq 1,12
[    1.321707] serio: i8042 KBD port at 0x60,0x64 irq 1
[    1.323396] serio: i8042 AUX port at 0x60,0x64 irq 12
[    1.325548] mousedev: PS/2 mouse device common for all mice
[    1.328139] input: AT Translated Set 2 keyboard as /devices/platform/i8042/serio0/input/input2
[    1.330764] rtc_cmos rtc_cmos: rtc core: registered rtc_cmos as rtc0
[    1.333045] rtc_cmos rtc_cmos: alarms up to one day, 114 bytes nvram
[    1.335511] i2c /dev entries driver
[    1.337088] device-mapper: uevent: version 1.0.3
[    1.339036] device-mapper: ioctl: 4.34.0-ioctl (2015-10-28) initialised: dm-devel@redhat.com
[    1.342170] ledtrig-cpu: registered to indicate activity on CPUs
[    1.344840] x86/pm: family 0x15 cpu detected, MSR saving is needed during suspending.
[    1.347816] NET: Registered protocol family 10
[    1.349879] NET: Registered protocol family 17
[    1.351590] Key type dns_resolver registered
[    1.353640] registered taskstats version 1
[    1.355663] Loading compiled-in X.509 certificates
[    1.358109] Loaded X.509 cert 'Build time autogenerated kernel key: cf00e047681d67edb2720680708b7d9498083038'
[    1.361736] zswap: loaded using pool lzo/zbud
[    1.365759] Key type trusted registered
[    1.372267] Key type encrypted registered
[    1.373796] AppArmor: AppArmor sha1 policy hashing enabled
[    1.375754] ima: No TPM chip found, activating TPM-bypass!
[    1.377236] ima: Allocated hash algorithm: sha1
[    1.378988] evm: HMAC attrs: 0x1
[    1.381261]   Magic number: 10:726:23
[    1.382668] rtc_cmos rtc_cmos: setting system clock to 2022-06-08 11:02:57 UTC (1654686177)
[    1.386986] BIOS EDD facility v0.16 2004-Jun-25, 0 devices found
[    1.389077] EDD information not available.
[    1.479303] Freeing unused kernel memory: 1492K
[    1.481150] Write protecting the kernel read-only data: 14336k
[    1.484857] Freeing unused kernel memory: 1584K
[    1.486677] Freeing unused kernel memory: 52K
Loading, please wait...
starting version 229
[    1.507239] random: systemd-udevd: uninitialized urandom read (16 bytes read, 2 bits of entropy available)
[    1.508112] random: udevadm: uninitialized urandom read (16 bytes read, 2 bits of entropy available)
[    1.508136] random: udevadm: uninitialized urandom read (16 bytes read, 2 bits of entropy available)
[    1.520643] random: systemd-udevd: uninitialized urandom read (16 bytes read, 2 bits of entropy available)
[    1.523561] random: udevadm: uninitialized urandom read (16 bytes read, 2 bits of entropy available)
[    1.523620] random: udevadm: uninitialized urandom read (16 bytes read, 2 bits of entropy available)
[    1.523798] random: udevadm: uninitialized urandom read (16 bytes read, 2 bits of entropy available)
[    1.523896] random: udevadm: uninitialized urandom read (16 bytes read, 2 bits of entropy available)
[    1.523974] random: udevadm: uninitialized urandom read (16 bytes read, 2 bits of entropy available)
[    1.524045] random: udevadm: uninitialized urandom read (16 bytes read, 2 bits of entropy available)
[    1.579226] e1000: Intel(R) PRO/1000 Network Driver - version 7.3.21-k8-NAPI
[    1.583112] e1000: Copyright (c) 1999-2006 Intel Corporation.
[    1.587735] Fusion MPT base driver 3.04.20
[    1.589177] Copyright (c) 1999-2008 LSI Corporation
[    1.601025] Fusion MPT SPI Host driver 3.04.20
[    1.607694] AVX version of gcm_enc/dec engaged.
[    1.609436] AES CTR mode by8 optimization enabled
[    1.824303] input: ImExPS/2 Generic Explorer Mouse as /devices/platform/i8042/serio1/input/input4
[    2.199001] e1000 0000:00:03.0 eth0: (PCI:33MHz:32-bit) 02:be:82:6b:cc:1d
[    2.200850] e1000 0000:00:03.0 eth0: Intel(R) PRO/1000 Network Connection
[    2.219107] mptbase: ioc0: Initiating bringup
[    2.284486] ioc0: LSI53C1030 A0: Capabilities={Initiator}
[    2.446587] scsi host2: ioc0: LSI53C1030 A0, FwRev=00000000h, Ports=1, MaxQ=256, IRQ=20
[    2.925390] scsi 2:0:0:0: Direct-Access     VBOX     HARDDISK         1.0  PQ: 0 ANSI: 5
[    2.929935] scsi target2:0:0: Beginning Domain Validation
[    2.934603] scsi target2:0:0: Domain Validation skipping write tests
[    2.937648] scsi target2:0:0: Ending Domain Validation
[    2.942675] scsi target2:0:0: asynchronous
[    2.945789] scsi 2:0:1:0: Direct-Access     VBOX     HARDDISK         1.0  PQ: 0 ANSI: 5
[    2.950067] scsi target2:0:1: Beginning Domain Validation
[    2.956543] scsi target2:0:1: Domain Validation skipping write tests
[    2.959920] scsi target2:0:1: Ending Domain Validation
[    2.962643] scsi target2:0:1: asynchronous
[    2.986935] sd 2:0:0:0: Attached scsi generic sg0 type 0
[    2.990823] sd 2:0:1:0: [sdb] 20480 512-byte logical blocks: (10.5 MB/10.0 MiB)
[    2.994265] sd 2:0:0:0: [sda] 83886080 512-byte logical blocks: (42.9 GB/40.0 GiB)
[    2.994939] sd 2:0:0:0: [sda] Write Protect is off
[    3.001058] sd 2:0:0:0: [sda] Incomplete mode parameter data
[    3.001060] sd 2:0:0:0: [sda] Assuming drive cache: write through
[    3.007147] sd 2:0:1:0: Attached scsi generic sg1 type 0
[    3.009856] sd 2:0:1:0: [sdb] Write Protect is off
[    3.011995] sd 2:0:1:0: [sdb] Incomplete mode parameter data
[    3.014103] sd 2:0:1:0: [sdb] Assuming drive cache: write through
[    3.026714]  sda: sda1
[    3.029632] sd 2:0:0:0: [sda] Attached SCSI disk
[    3.034821] sd 2:0:1:0: [sdb] Attached SCSI disk
[    3.478827] e1000 0000:00:08.0 eth1: (PCI:33MHz:32-bit) 08:00:27:3a:f0:c9
[    3.481368] e1000 0000:00:08.0 eth1: Intel(R) PRO/1000 Network Connection
[    3.484820] e1000 0000:00:03.0 enp0s3: renamed from eth0
[    3.501150] e1000 0000:00:08.0 enp0s8: renamed from eth1
Begin: Loading essential drivers ... [    5.009109] md: linear personality registered for level -1
[    5.014149] md: multipath personality registered for level -4
[    5.019288] md: raid0 personality registered for level 0
[    5.026791] md: raid1 personality registered for level 1
[    5.100149] raid6: sse2x1   gen()  6386 MB/s
[    5.169026] raid6: sse2x1   xor()  4259 MB/s
[    5.236922] raid6: sse2x2   gen()  8810 MB/s
[    5.304240] raid6: sse2x2   xor()  6708 MB/s
[    5.372597] raid6: sse2x4   gen() 11435 MB/s
[    5.440952] raid6: sse2x4   xor()  5022 MB/s
[    5.442667] raid6: using algorithm sse2x4 gen() 11435 MB/s
[    5.444485] raid6: .... xor() 5022 MB/s, rmw enabled
[    5.446345] raid6: using ssse3x2 recovery algorithm
[    5.449563] xor: automatically using best checksumming function:
[    5.489774]    avx       :  5506.000 MB/sec
[    5.492976] async_tx: api initialized (async)
[    5.508933] md: raid6 personality registered for level 6
[    5.511031] md: raid5 personality registered for level 5
[    5.513758] md: raid4 personality registered for level 4
[    5.523797] md: raid10 personality registered for level 10
done.
Begin: Running /scripts/init-premount ... done.
Begin: Mounting root file system ... Begin: Running /scripts/local-top ... done.
Begin: Running /scripts/local-premount ... [    5.564838] Btrfs loaded
Scanning for Btrfs filesystems
done.
Warning: fsck not present, so skipping root file system
[    5.637981] EXT4-fs (sda1): mounted filesystem with ordered data mode. Opts: (null)
done.
Begin: Running /scripts/local-bottom ... done.
Begin: Running /scripts/init-bottom ... done.
[    6.303842] systemd[1]: systemd 229 running in system mode. (+PAM +AUDIT +SELINUX +IMA +APPARMOR +SMACK +SYSVINIT +UTMP +LIBCRYPTSETUP +GCRYPT +GNUTLS +ACL +XZ -LZ4 +SECCOMP +BLKID +ELFUTILS +KMOD -IDN)
[    6.311296] systemd[1]: Detected virtualization oracle.
[    6.313075] systemd[1]: Detected architecture x86-64.

Welcome to [1mUbuntu 16.04.7 LTS[0m!

[    6.375785] systemd[1]: Set hostname to <ubuntu-xenial>.
[    8.099632] random: nonblocking pool is initialized
[    8.799771] systemd[1]: Created slice System Slice.
[[0;32m  OK  [0m] Created slice System Slice.
[    8.802481] systemd[1]: Listening on udev Kernel Socket.
[[0;32m  OK  [0m] Listening on udev Kernel Socket.
[    8.805159] systemd[1]: Reached target User and Group Name Lookups.
[[0;32m  OK  [0m] Reached target User and Group Name Lookups.
[    8.808188] systemd[1]: Listening on Journal Socket.
[[0;32m  OK  [0m] Listening on Journal Socket.
[    8.836913] systemd[1]: Starting Set console keymap...
         Starting Set console keymap...
[    8.842222] systemd[1]: Mounting POSIX Message Queue File System...
         Mounting POSIX Message Queue File System...
[    8.845640] systemd[1]: Reached target Encrypted Volumes.
[[0;32m  OK  [0m] Reached target Encrypted Volumes.
[    8.848874] systemd[1]: Listening on LVM2 metadata daemon socket.
[[0;32m  OK  [0m] Listening on LVM2 metadata daemon socket.
[    8.853933] systemd[1]: Starting Nameserver information manager...
         Starting Nameserver information manager...
[    8.858273] systemd[1]: Reached target System Time Synchronized.
[[0;32m  OK  [0m] Reached target System Time Synchronized.
[    8.862354] systemd[1]: Listening on Journal Socket (/dev/log).
[[0;32m  OK  [0m] Listening on Journal Socket (/dev/log).
[    8.869116] systemd[1]: Starting Create list of required static device nodes for the current kernel...
         Starting Create list of required st... nodes for the current kernel...
[    8.874710] systemd[1]: Listening on /dev/initctl Compatibility Named Pipe.
[[0;32m  OK  [0m] Listening on /dev/initctl Compatibility Named Pipe.
[    8.924840] systemd[1]: Starting Load Kernel Modules...
         Starting Load Kernel Modules...
[    8.928498] systemd[1]: Set up automount Arbitrary Executable File Formats File System Automount Point.
[[0;32m  OK  [0m] Set up automount Arbitrary Executab...ats File System Automount Point.
[    8.934818] systemd[1]: Created slice system-serial\x2dgetty.slice.
[[0;32m  OK  [0m] Created slice system-serial\x2dgetty.slice.
[    8.940280] systemd[1]: Mounting Debug File System...
         Mounting Debug File System...
[    8.946433] systemd[1]: Listening on fsck to fsckd communication Socket.
[[0;32m  OK  [0m] Listening on fsck to fsckd communication Socket.
[    8.949895] systemd[1]: Listening on Journal Audit Socket.
[[0;32m  OK  [0m] Listening on Journal Audit Socket.
[    8.953876] systemd[1]: Started Trigger resolvconf update for networkd DNS.
[[0;32m  OK  [0m] Started Trigger resolvconf update for networkd DNS.
[    8.959817] systemd[1]: Starting Uncomplicated firewall...
         Starting Uncomplicated firewall...
[    8.963450] systemd[1]: Starting File System Check on Root Device...
         Starting File System Check on Root Device...
[    8.967330] systemd[1]: Started Forward Password Requests to Wall Directory Watch.
[[0;32m  OK  [0m] Started Forward Password Requests to Wall Directory Watch.
[    8.972163] systemd[1]: Reached target Swap.
[[0;32m  OK  [0m] Reached target Swap.
[    8.975937] systemd[1]: Mounting Huge Pages File System...
         Mounting Huge Pages File System...
[    8.979546] systemd[1]: Created slice User and Session Slice.
[[0;32m  OK  [0m] Created slice User and Session Slice.
[    8.984307] systemd[1]: Reached target Slices.
[[0;32m  OK  [0m] Reached target Slices.
[    8.988895] systemd[1]: Listening on Syslog Socket.
[[0;32m  OK  [0m] Listening on Syslog Socket.
[    9.019077] systemd[1]: Listening on udev Control Socket.
[[0;32m  OK  [0m] Listening on udev Control Socket.
[    9.023031] systemd[1]: Listening on LVM2 poll daemon socket.
[[0;32m  OK  [0m] Listening on LVM2 poll daemon socket.
[    9.026071] systemd[1]: Listening on Device-mapper event daemon FIFOs.
[[0;32m  OK  [0m] Listening on Device-mapper event daemon FIFOs.
[    9.041085] systemd[1]: Starting Monitoring of LVM2 mirrors, snapshots etc. using dmeventd or progress polling...
         Starting Monitoring of LVM2 mirrors... dmeventd or progress polling...
[    9.049540] systemd[1]: Starting Journal Service...
         Starting Journal Service...
[    9.054329] systemd[1]: Mounted Huge Pages File System.
[[0;32m  OK  [0m] Mounted Huge Pages File System.
[    9.060085] systemd[1]: Mounted POSIX Message Queue File System.
[    9.066441] Loading iSCSI transport class v2.0-870.
[[0;32m  OK  [0m] Mounted POSIX Message Queue File System.
[    9.070545] systemd[1]: Mounted Debug File System.
[[0;32m  OK  [0m] Mounted Debug File System.
[    9.097615] systemd[1]: Started Create list of required static device nodes for the current kernel.
[[0;32m  OK  [0m] Started Create list of required sta...ce nodes for the current kernel.
[    9.104145] systemd[1]: Started Uncomplicated firewall.
[[0;32m  OK  [0m] Started Uncomplicated firewall.
[    9.109108] systemd[1]: Started File System Check Daemon to report status.
[[0;32m  OK  [0m] Started File System Check Daemon to report status.
[    9.113564] systemd[1]: Starting Create Static Device Nodes in /dev...
         Starting Create Static Device Nodes in /dev...
[    9.160496] systemd[1]: Started Nameserver information manager.
[[0;32m  OK  [0m] Started Nameserver information manager.
[    9.171753] systemd[1]: Started Set console keymap.
[[0;32m  OK  [0m] Started Set console keymap.
[    9.190976] iscsi: registered transport (tcp)
[    9.353404] systemd[1]: Started Journal Service.
[[0;32m  OK  [0m] Started Journal Service.
[[0;32m  OK  [0m] Started File System Check on Root Device.
         Starting Remount Root and Kernel File Systems...
[    9.483295] EXT4-fs (sda1): re-mounted. Opts: (null)
[[0;32m  OK  [0m] Started Remount Root and Kernel File Systems.
         Starting Flush Journal to Persistent Storage...
         Starting Load/Save Random Seed...
[    9.506620] iscsi: registered transport (iser)
         Starting udev Coldplug all Devices...
[[0;32m  OK  [0m] Started Load Kernel Modules.
         Mounting FUSE Control File System...
         Starting Apply Kernel Variables...
[[0;32m  OK  [0m] Mounted FUSE Control File System.
[    9.547456] systemd-journald[402]: Received request to flush runtime journal from PID 1
[[0;32m  OK  [0m] Started Flush Journal to Persistent Storage.
[[0;32m  OK  [0m] Started Load/Save Random Seed.
[[0;32m  OK  [0m] Started LVM2 metadata daemon.
[[0;32m  OK  [0m] Started udev Coldplug all Devices.
[[0;32m  OK  [0m] Started Create Static Device Nodes in /dev.
[[0;32m  OK  [0m] Started Apply Kernel Variables.
         Starting udev Kernel Device Manager...
[[0;32m  OK  [0m] Started Monitoring of LVM2 mirrors,...ng dmeventd or progress polling.
[[0;32m  OK  [0m] Reached target Local File Systems (Pre).
[[0;32m  OK  [0m] Reached target Local File Systems.
         Starting Tell Plymouth To Write Out Runtime Data...
         Starting Set console font and keymap...
         Starting Create Volatile Files and Directories...
         Starting Initial cloud-init job (pre-networking)...
         Starting LSB: AppArmor initialization...
[[0;32m  OK  [0m] Started Tell Plymouth To Write Out Runtime Data.
[[0;32m  OK  [0m] Started Create Volatile Files and Directories.
         Starting Update UTMP about System Boot/Shutdown...
[[0;32m  OK  [0m] Started Update UTMP about System Boot/Shutdown.
[[0;32m  OK  [0m] Started udev Kernel Device Manager.
[[0;32m  OK  [0m] Started Dispatch Password Requests to Console Directory Watch.
[[0;32m  OK  [0m] Found device /dev/ttyS0.
[[0;32m  OK  [0m] Started Set console font and keymap.
[[0;32m  OK  [0m] Created slice system-getty.slice.
[[0;32m  OK  [0m] Listening on Load/Save RF Kill Switch Status /dev/rfkill Watch.
[[0;32m  OK  [0m] Found device 82540EM Gigabit Ethern...r (PRO/1000 MT Desktop Adapter).
[[0;32m  OK  [0m] Found device 82540EM Gigabit Ethern...r (PRO/1000 MT Desktop Adapter).
[[0;32m  OK  [0m] Started LSB: AppArmor initialization.
         Starting Load AppArmor profiles managed internally by snapd...
[[0;32m  OK  [0m] Started Load AppArmor profiles managed internally by snapd.
[   14.611854] cloud-init[483]: Cloud-init v. 21.1-19-gbad84ad4-0ubuntu1~16.04.2 running 'init-local' at Wed, 08 Jun 2022 11:03:10 +0000. Up 14.02 seconds.
[[0;32m  OK  [0m] Started Initial cloud-init job (pre-networking).
[[0;32m  OK  [0m] Reached target Network (Pre).
[[0;32m  OK  [0m] Started ifup for enp0s8.
         Starting Raise network interfaces...
[[0;32m  OK  [0m] Started ifup for enp0s3.
[[0;32m  OK  [0m] Started Raise network interfaces.
         Starting Initial cloud-init job (metadata service crawler)...
[[0;32m  OK  [0m] Reached target Network.
[   15.870924] cloud-init[1087]: Cloud-init v. 21.1-19-gbad84ad4-0ubuntu1~16.04.2 running 'init' at Wed, 08 Jun 2022 11:03:11 +0000. Up 15.38 seconds.
[   15.873923] cloud-init[1087]: ci-info: ++++++++++++++++++++++++++++++++++++++Net device info+++++++++++++++++++++++++++++++++++++++
[   15.876047] cloud-init[1087]: ci-info: +--------+------+-----------------------------+---------------+--------+-------------------+
[   15.878747] cloud-init[1087]: ci-info: | Device |  Up  |           Address           |      Mask     | Scope  |     Hw-Address    |
[   15.888843] cloud-init[1087]: ci-info: +--------+------+-----------------------------+---------------+--------+-------------------+
[   15.891174] cloud-init[1087]: ci-info: | enp0s3 | True |          10.0.2.15          | 255.255.255.0 | global | 02:be:82:6b:cc:1d |
[   15.905371] cloud-init[1087]: ci-info: | enp0s3 | True |  fe80::be:82ff:fe6b:cc1d/64 |       .       |  link  | 02:be:82:6b:cc:1d |
[   15.917092] cloud-init[1087]: ci-info: | enp0s8 | True |        192.168.10.150       | 255.255.255.0 | global | 08:00:27:3a:f0:c9 |
[   15.924754] cloud-init[1087]: ci-info: | enp0s8 | True | fe80::a00:27ff:fe3a:f0c9/64 |       .       |  link  | 08:00:27:3a:f0:c9 |
[   15.927376] cloud-init[1087]: ci-info: |   lo   | True |          127.0.0.1          |   255.0.0.0   |  host  |         .         |
[   15.929849] cloud-init[1087]: ci-info: |   lo   | True |           ::1/128           |       .       |  host  |         .         |
[   15.932487] cloud-init[1087]: ci-info: +--------+------+-----------------------------+---------------+--------+-------------------+
[   15.935378] cloud-init[1087]: ci-info: ++++++++++++++++++++++++++++Route IPv4 info++++++++++++++++++++++++++++
[   15.937370] cloud-init[1087]: ci-info: +-------+--------------+----------+---------------+-----------+-------+
[   15.939438] cloud-init[1087]: ci-info: | Route | Destination  | Gateway  |    Genmask    | Interface | Flags |
[   15.941495] cloud-init[1087]: ci-info: +-------+--------------+----------+---------------+-----------+-------+
[   15.943658] cloud-init[1087]: ci-info: |   0   |   0.0.0.0    | 10.0.2.2 |    0.0.0.0    |   enp0s3  |   UG  |
[   15.945901] cloud-init[1087]: ci-info: |   1   |   10.0.2.0   | 0.0.0.0  | 255.255.255.0 |   enp0s3  |   U   |
[   15.948034] cloud-init[1087]: ci-info: |   2   | 192.168.10.0 | 0.0.0.0  | 255.255.255.0 |   enp0s8  |   U   |
[   15.950216] cloud-init[1087]: ci-info: +-------+--------------+----------+---------------+-----------+-------+
[   15.952484] cloud-init[1087]: ci-info: +++++++++++++++++++Route IPv6 info+++++++++++++++++++
[   15.954550] cloud-init[1087]: ci-info: +-------+-------------+---------+-----------+-------+
[   15.956257] cloud-init[1087]: ci-info: | Route | Destination | Gateway | Interface | Flags |
[   15.958973] cloud-init[1087]: ci-info: +-------+-------------+---------+-----------+-------+
[   15.961991] cloud-init[1087]: ci-info: |   0   |  fe80::/64  |    ::   |   enp0s8  |   U   |
[   15.968731] cloud-init[1087]: ci-info: |   1   |  fe80::/64  |    ::   |   enp0s3  |   U   |
[   15.970890] cloud-init[1087]: ci-info: |   4   |   ff00::/8  |    ::   |   enp0s8  |   U   |
[   15.972867] cloud-init[1087]: ci-info: |   5   |   ff00::/8  |    ::   |   enp0s3  |   U   |
[   15.974513] cloud-init[1087]: ci-info: +-------+-------------+---------+-----------+-------+
[[0;32m  OK  [0m] Started Initial cloud-init job (metadata service crawler).
[[0;32m  OK  [0m] Reached target System Initialization.
[[0;32m  OK  [0m] Started Daily Cleanup of Temporary Directories.
[[0;32m  OK  [0m] Listening on UUID daemon activation socket.
         Starting LXD - unix socket.
[[0;32m  OK  [0m] Started ACPI Events Check.
[[0;32m  OK  [0m] Listening on D-Bus System Message Bus Socket.
[[0;32m  OK  [0m] Started Ubuntu Advantage Timer for running repeated jobs.
[[0;32m  OK  [0m] Started Daily apt download activities.
[[0;32m  OK  [0m] Started Daily apt upgrade and clean activities.
[[0;32m  OK  [0m] Started Message of the Day.
[[0;32m  OK  [0m] Reached target Timers.
         Starting Socket activation for snappy daemon.
[[0;32m  OK  [0m] Listening on ACPID Listen Socket.
[[0;32m  OK  [0m] Started Trigger to poll for Ubuntu ...nly enabled on GCP LTS non-pro).
[[0;32m  OK  [0m] Reached target Paths.
[[0;32m  OK  [0m] Reached target Network is Online.
         Starting iSCSI initiator daemon (iscsid)...
[[0;32m  OK  [0m] Reached target Cloud-config availability.
[[0;32m  OK  [0m] Listening on LXD - unix socket.
[[0;32m  OK  [0m] Listening on Socket activation for snappy daemon.
[[0;32m  OK  [0m] Reached target Sockets.
[[0;32m  OK  [0m] Reached target Basic System.
[[0;32m  OK  [0m] Started Regular background program processing daemon.
         Starting LSB: Record successful boot for GRUB...
[[0;32m  OK  [0m] Started ACPI event daemon.
         Starting LSB: MD monitoring daemon...
         Starting System Logging Service...
         Starting Virtualbox guest utils...
[[0;32m  OK  [0m] Started High-performance, schema-free document-oriented database.
         Starting /etc/rc.local Compatibility...
         Starting Login Service...
         Starting Accounts Service...
[[0;32m  OK  [0m] Started Deferred execution scheduler.
[[0;32m  OK  [0m] Started D-Bus System Message Bus.
         Starting Snap Daemon...
[[0;32m  OK  [0m] Started FUSE filesystem for LXC.
         Starting OpenBSD Secure Shell server...
         Starting LXD - container startup/shutdown...
[[0;32m  OK  [0m] Started System Logging Service.
[[0;32m  OK  [0m] Started /etc/rc.local Compatibility.
[[0;32m  OK  [0m] Started Login Service.
[[0;32m  OK  [0m] Started Unattended Upgrades Shutdown.
[[0;32m  OK  [0m] Started iSCSI initiator daemon (iscsid).
         Starting Login to default iSCSI targets...
[[0;32m  OK  [0m] Started LSB: MD monitoring daemon.
[[0;32m  OK  [0m] Started LSB: Record successful boot for GRUB.
         Starting Authenticate and Authorize Users to Run Privileged Tasks...
[[0;32m  OK  [0m] Started Login to default iSCSI targets.
[[0;32m  OK  [0m] Reached target Remote File Systems (Pre).
         Mounting /vagrant...
[[0;32m  OK  [0m] Mounted /vagrant.
[[0;32m  OK  [0m] Reached target Remote File Systems.
         Starting LSB: Set the CPU Frequency Scaling governor to "ondemand"...
         Starting LSB: automatic crash report generation...
         Starting LSB: daemon to balance interrupts for SMP systems...
         Starting Permit User Sessions...
[[0;32m  OK  [0m] Started LSB: Set the CPU Frequency Scaling governor to "ondemand".
[[0;32m  OK  [0m] Started Permit User Sessions.
         Starting Hold until boot process finishes up...
         Starting Terminate Plymouth Boot Screen...
[[0;32m  OK  [0m] Started Hold until boot process finishes up.
         Starting Set console scheme...
[[0;32m  OK  [0m] Started Serial Getty on ttyS0.
[[0;32m  OK  [0m] Started Getty on tty1.
[[0;32m  OK  [0m] Reached target Login Prompts.
[[0;32m  OK  [0m] Started Terminate Plymouth Boot Screen.
[[0;32m  OK  [0m] Started Authenticate and Authorize Users to Run Privileged Tasks.
[[0;32m  OK  [0m] Started Accounts Service.
[[0;32m  OK  [0m] Started Set console scheme.
[[0;32m  OK  [0m] Started OpenBSD Secure Shell server.
[[0;32m  OK  [0m] Started Virtualbox guest utils.
[[0;32m  OK  [0m] Started LSB: daemon to balance interrupts for SMP systems.
[[0;32m  OK  [0m] Started LSB: automatic crash report generation.
[[0;32m  OK  [0m] Created slice User Slice of vagrant.
         Starting User Manager for UID 1000...
[[0;32m  OK  [0m] Started Session 1 of user vagrant.
[[0;32m  OK  [0m] Started User Manager for UID 1000.
[[0;32m  OK  [0m] Started LXD - container startup/shutdown.
[[0;32m  OK  [0m] Started Snap Daemon.
         Starting Wait until snapd is fully seeded...
[[0;32m  OK  [0m] Started Wait until snapd is fully seeded.
         Starting Apply the settings specified in cloud-config...
[[0;32m  OK  [0m] Reached target Multi-User System.
[[0;32m  OK  [0m] Reached target Graphical Interface.
         Starting Update UTMP about System Runlevel Changes...
[[0;32m  OK  [0m] Started Update UTMP about System Runlevel Changes.
[   22.235288] cloud-init[1419]: Cloud-init v. 21.1-19-gbad84ad4-0ubuntu1~16.04.2 running 'modules:config' at Wed, 08 Jun 2022 11:03:18 +0000. Up 21.98 seconds.
[[0;32m  OK  [0m] Started Apply the settings specified in cloud-config.
         Starting Execute cloud user/final scripts...
[   22.889249] cloud-init[1457]: Cloud-init v. 21.1-19-gbad84ad4-0ubuntu1~16.04.2 running 'modules:final' at Wed, 08 Jun 2022 11:03:19 +0000. Up 22.69 seconds.
[   22.894898] cloud-init[1457]: Cloud-init v. 21.1-19-gbad84ad4-0ubuntu1~16.04.2 finished at Wed, 08 Jun 2022 11:03:19 +0000. Datasource DataSourceNoCloud [seed=/dev/sdb][dsmode=net].  Up 22.87 seconds
[[0;32m  OK  [0m] Started Execute cloud user/final scripts.
[[0;32m  OK  [0m] Reached target Cloud-init target.

Ubuntu 16.04.7 LTS ubuntu-xenial ttyS0

ubuntu-xenial login: 