[    0.000000] Initializing cgroup subsys cpuset
[    0.000000] Initializing cgroup subsys cpu
[    0.000000] Initializing cgroup subsys cpuacct
[    0.000000] Linux version 4.4.0-210-generic (buildd@lgw01-amd64-009) (gcc version 5.4.0 20160609 (Ubuntu 5.4.0-6ubuntu1~16.04.12) ) #242-Ubuntu SMP Fri Apr 16 09:57:56 UTC 2021 (Ubuntu 4.4.0-210.242-generic 4.4.262)
[    0.000000] Command line: BOOT_IMAGE=/boot/vmlinuz-4.4.0-210-generic root=LABEL=cloudimg-rootfs ro console=tty1 console=ttyS0
[    0.000000] KERNEL supported cpus:
[    0.000000]   Intel GenuineIntel
[    0.000000]   AMD AuthenticAMD
[    0.000000]   Centaur CentaurHauls
[    0.000000] [Firmware Bug]: TSC doesn't count with P0 frequency!
[    0.000000] x86/fpu: xstate_offset[2]:  576, xstate_sizes[2]:  256
[    0.000000] x86/fpu: Supporting XSAVE feature 0x01: 'x87 floating point registers'
[    0.000000] x86/fpu: Supporting XSAVE feature 0x02: 'SSE registers'
[    0.000000] x86/fpu: Supporting XSAVE feature 0x04: 'AVX registers'
[    0.000000] x86/fpu: Enabled xstate features 0x7, context size is 832 bytes, using 'standard' format.
[    0.000000] e820: BIOS-provided physical RAM map:
[    0.000000] BIOS-e820: [mem 0x0000000000000000-0x000000000009fbff] usable
[    0.000000] BIOS-e820: [mem 0x000000000009fc00-0x000000000009ffff] reserved
[    0.000000] BIOS-e820: [mem 0x00000000000f0000-0x00000000000fffff] reserved
[    0.000000] BIOS-e820: [mem 0x0000000000100000-0x000000003ffeffff] usable
[    0.000000] BIOS-e820: [mem 0x000000003fff0000-0x000000003fffffff] ACPI data
[    0.000000] BIOS-e820: [mem 0x00000000fec00000-0x00000000fec00fff] reserved
[    0.000000] BIOS-e820: [mem 0x00000000fee00000-0x00000000fee00fff] reserved
[    0.000000] BIOS-e820: [mem 0x00000000fffc0000-0x00000000ffffffff] reserved
[    0.000000] NX (Execute Disable) protection: active
[    0.000000] SMBIOS 2.5 present.
[    0.000000] Hypervisor detected: KVM
[    0.000000] Kernel/User page tables isolation: disabled
[    0.000000] AGP: No AGP bridge found
[    0.000000] e820: last_pfn = 0x3fff0 max_arch_pfn = 0x400000000
[    0.000000] MTRR: Disabled
[    0.000000] x86/PAT: MTRRs disabled, skipping PAT initialization too.
[    0.000000] CPU MTRRs all blank - virtualized system.
[    0.000000] x86/PAT: Configuration [0-7]: WB  WT  UC- UC  WB  WT  UC- UC  
[    0.000000] found SMP MP-table at [mem 0x0009fff0-0x0009ffff] mapped at [ffff88000009fff0]
[    0.000000] Scanning 1 areas for low memory corruption
[    0.000000] RAMDISK: [mem 0x362dc000-0x37165fff]
[    0.000000] ACPI: Early table checksum verification disabled
[    0.000000] ACPI: RSDP 0x00000000000E0000 000024 (v02 VBOX  )
[    0.000000] ACPI: XSDT 0x000000003FFF0030 00003C (v01 VBOX   VBOXXSDT 00000001 ASL  00000061)
[    0.000000] ACPI: FACP 0x000000003FFF00F0 0000F4 (v04 VBOX   VBOXFACP 00000001 ASL  00000061)
[    0.000000] ACPI: DSDT 0x000000003FFF0470 002325 (v02 VBOX   VBOXBIOS 00000002 INTL 20100528)
[    0.000000] ACPI: FACS 0x000000003FFF0200 000040
[    0.000000] ACPI: FACS 0x000000003FFF0200 000040
[    0.000000] ACPI: APIC 0x000000003FFF0240 00005C (v02 VBOX   VBOXAPIC 00000001 ASL  00000061)
[    0.000000] ACPI: SSDT 0x000000003FFF02A0 0001CC (v01 VBOX   VBOXCPUT 00000002 INTL 20100528)
[    0.000000] No NUMA configuration found
[    0.000000] Faking a node at [mem 0x0000000000000000-0x000000003ffeffff]
[    0.000000] NODE_DATA(0) allocated [mem 0x3ffeb000-0x3ffeffff]
[    0.000000] kvm-clock: Using msrs 4b564d01 and 4b564d00
[    0.000000] kvm-clock: cpu 0, msr 0:3ffe3001, primary cpu clock
[    0.000000] kvm-clock: using sched offset of 4101217403 cycles
[    0.000000] clocksource: kvm-clock: mask: 0xffffffffffffffff max_cycles: 0x1cd42e4dffb, max_idle_ns: 881590591483 ns
[    0.000000] Zone ranges:
[    0.000000]   DMA      [mem 0x0000000000001000-0x0000000000ffffff]
[    0.000000]   DMA32    [mem 0x0000000001000000-0x000000003ffeffff]
[    0.000000]   Normal   empty
[    0.000000]   Device   empty
[    0.000000] Movable zone start for each node
[    0.000000] Early memory node ranges
[    0.000000]   node   0: [mem 0x0000000000001000-0x000000000009efff]
[    0.000000]   node   0: [mem 0x0000000000100000-0x000000003ffeffff]
[    0.000000] Initmem setup node 0 [mem 0x0000000000001000-0x000000003ffeffff]
[    0.000000] ACPI: PM-Timer IO Port: 0x4008
[    0.000000] IOAPIC[0]: apic_id 2, version 32, address 0xfec00000, GSI 0-23
[    0.000000] ACPI: INT_SRC_OVR (bus 0 bus_irq 0 global_irq 2 dfl dfl)
[    0.000000] ACPI: INT_SRC_OVR (bus 0 bus_irq 9 global_irq 9 low level)
[    0.000000] Using ACPI (MADT) for SMP configuration information
[    0.000000] smpboot: Allowing 2 CPUs, 0 hotplug CPUs
[    0.000000] PM: Registered nosave memory: [mem 0x00000000-0x00000fff]
[    0.000000] PM: Registered nosave memory: [mem 0x0009f000-0x0009ffff]
[    0.000000] PM: Registered nosave memory: [mem 0x000a0000-0x000effff]
[    0.000000] PM: Registered nosave memory: [mem 0x000f0000-0x000fffff]
[    0.000000] e820: [mem 0x40000000-0xfebfffff] available for PCI devices
[    0.000000] Booting paravirtualized kernel on KVM
[    0.000000] clocksource: refined-jiffies: mask: 0xffffffff max_cycles: 0xffffffff, max_idle_ns: 7645519600211568 ns
[    0.000000] setup_percpu: NR_CPUS:512 nr_cpumask_bits:512 nr_cpu_ids:2 nr_node_ids:1
[    0.000000] PERCPU: Embedded 33 pages/cpu @ffff88003fc00000 s95192 r8192 d31784 u1048576
[    0.000000] Built 1 zonelists in Node order, mobility grouping on.  Total pages: 257912
[    0.000000] Policy zone: DMA32
[    0.000000] Kernel command line: BOOT_IMAGE=/boot/vmlinuz-4.4.0-210-generic root=LABEL=cloudimg-rootfs ro console=tty1 console=ttyS0
[    0.000000] PID hash table entries: 4096 (order: 3, 32768 bytes)
[    0.000000] AGP: Checking aperture...
[    0.000000] AGP: No AGP bridge found
[    0.000000] Memory: 997792K/1048120K available (8644K kernel code, 1332K rwdata, 4044K rodata, 1492K init, 1164K bss, 50328K reserved, 0K cma-reserved)
[    0.000000] SLUB: HWalign=64, Order=0-3, MinObjects=0, CPUs=2, Nodes=1
[    0.000000] Hierarchical RCU implementation.
[    0.000000] 	Build-time adjustment of leaf fanout to 64.
[    0.000000] 	RCU restricting CPUs from NR_CPUS=512 to nr_cpu_ids=2.
[    0.000000] RCU: Adjusting geometry for rcu_fanout_leaf=64, nr_cpu_ids=2
[    0.000000] NR_IRQS:33024 nr_irqs:440 16
[    0.000000] Console: colour VGA+ 80x25
[    0.000000] console [tty1] enabled
[    0.000000] console [ttyS0] enabled
[    0.000000] tsc: Detected 4013.508 MHz processor
[    0.259882] Calibrating delay loop (skipped) preset value.. 8027.01 BogoMIPS (lpj=16054032)
[    0.262245] pid_max: default: 32768 minimum: 301
[    0.263602] ACPI: Core revision 20150930
[    0.265617] ACPI: 2 ACPI AML tables successfully acquired and loaded
[    0.267479] Security Framework initialized
[    0.268722] Yama: becoming mindful.
[    0.269725] AppArmor: AppArmor initialized
[    0.271161] Dentry cache hash table entries: 131072 (order: 8, 1048576 bytes)
[    0.273234] Inode-cache hash table entries: 65536 (order: 7, 524288 bytes)
[    0.277011] Mount-cache hash table entries: 2048 (order: 2, 16384 bytes)
[    0.278725] Mountpoint-cache hash table entries: 2048 (order: 2, 16384 bytes)
[    0.280718] Initializing cgroup subsys io
[    0.281944] Initializing cgroup subsys memory
[    0.283153] Initializing cgroup subsys devices
[    0.284708] Initializing cgroup subsys freezer
[    0.285938] Initializing cgroup subsys net_cls
[    0.287588] Initializing cgroup subsys perf_event
[    0.289013] Initializing cgroup subsys net_prio
[    0.290404] Initializing cgroup subsys hugetlb
[    0.291575] Initializing cgroup subsys pids
[    0.293011] mce: CPU supports 0 MCE banks
[    0.294389] Last level iTLB entries: 4KB 512, 2MB 1024, 4MB 512
[    0.295924] Last level dTLB entries: 4KB 1024, 2MB 1024, 4MB 512, 1GB 0
[    0.297840] Spectre V1 : Mitigation: usercopy/swapgs barriers and __user pointer sanitization
[    0.300670] Spectre V2 : Spectre mitigation: LFENCE not serializing, switching to generic retpoline
[    0.303346] Spectre V2 : Mitigation: Full generic retpoline
[    0.305109] Spectre V2 : Spectre v2 / SpectreRSB mitigation: Filling RSB on context switch
[    0.308092] Speculative Store Bypass: Mitigation: Speculative Store Bypass disabled via prctl and seccomp
[    0.313979] Freeing SMP alternatives memory: 36K
[    0.322342] ftrace: allocating 32380 entries in 127 pages
[    0.382467] smpboot: APIC(0) Converting physical 0 to logical package 0
[    0.384247] smpboot: Max logical packages: 1
[    0.385770] x2apic enabled
[    0.386927] Switched APIC routing to physical x2apic.
[    0.389687] ..TIMER: vector=0x30 apic1=0 pin1=2 apic2=-1 pin2=-1
[    0.499375] smpboot: CPU0: AMD FX(tm)-8350 Eight-Core Processor (family: 0x15, model: 0x2, stepping: 0x0)
[    0.503086] Performance Events: Broken PMU hardware detected, using software events only.
[    0.505947] Failed to access perfctr msr (MSR c0010007 is 0)
[    0.518697] KVM setup paravirtual spinlock
[    0.520952] x86: Booting SMP configuration:
[    0.522543] .... node  #0, CPUs:      #1
[    0.524074] kvm-clock: cpu 1, msr 0:3ffe3041, secondary cpu clock
[    0.525294] mce: CPU supports 0 MCE banks
[    0.528005] x86: Booted up 1 node, 2 CPUs
[    0.529899] smpboot: Total of 2 processors activated (16054.03 BogoMIPS)
[    0.532742] devtmpfs: initialized
[    0.536113] evm: security.selinux
[    0.537482] evm: security.SMACK64
[    0.538674] evm: security.SMACK64EXEC
[    0.540121] evm: security.SMACK64TRANSMUTE
[    0.541656] evm: security.SMACK64MMAP
[    0.542901] evm: security.ima
[    0.544028] evm: security.capability
[    0.547253] clocksource: jiffies: mask: 0xffffffff max_cycles: 0xffffffff, max_idle_ns: 7645041785100000 ns
[    0.550901] futex hash table entries: 512 (order: 3, 32768 bytes)
[    0.552855] pinctrl core: initialized pinctrl subsystem
[    0.554613] RTC time: 17:24:32, date: 06/07/22
[    0.556127] NET: Registered protocol family 16
[    0.572359] cpuidle: using governor ladder
[    0.584089] cpuidle: using governor menu
[    0.585277] PCCT header not found.
[    0.586711] ACPI: bus type PCI registered
[    0.587811] acpiphp: ACPI Hot Plug PCI Controller Driver version: 0.5
[    0.589904] PCI: Using configuration type 1 for base access
[    0.591324] PCI: Using configuration type 1 for extended access
[    0.605572] ACPI: Added _OSI(Module Device)
[    0.607176] ACPI: Added _OSI(Processor Device)
[    0.608619] ACPI: Added _OSI(3.0 _SCP Extensions)
[    0.610289] ACPI: Added _OSI(Processor Aggregator Device)
[    0.612789] ACPI: Executed 1 blocks of module-level executable AML code
[    0.616932] ACPI: Interpreter enabled
[    0.618526] ACPI: (supports S0 S5)
[    0.620013] ACPI: Using IOAPIC for interrupt routing
[    0.622136] PCI: Using host bridge windows from ACPI; if necessary, use "pci=nocrs" and report a bug
[    0.629050] ACPI: PCI Root Bridge [PCI0] (domain 0000 [bus 00-ff])
[    0.630600] acpi PNP0A03:00: _OSC: OS supports [ExtendedConfig ASPM ClockPM Segments MSI]
[    0.633519] acpi PNP0A03:00: _OSC: platform does not support [PCIeCapability]
[    0.636350] acpi PNP0A03:00: _OSC: not requesting control; platform does not support [PCIeCapability]
[    0.640005] acpi PNP0A03:00: _OSC: OS requested [PCIeHotplug PME AER PCIeCapability]
[    0.642952] acpi PNP0A03:00: _OSC: platform willing to grant [PCIeHotplug PME AER]
[    0.659200] acpi PNP0A03:00: _OSC failed (AE_SUPPORT); disabling ASPM
[    0.661383] PCI host bridge to bus 0000:00
[    0.662625] pci_bus 0000:00: root bus resource [io  0x0000-0x0cf7 window]
[    0.664404] pci_bus 0000:00: root bus resource [io  0x0d00-0xffff window]
[    0.666364] pci_bus 0000:00: root bus resource [mem 0x000a0000-0x000bffff window]
[    0.668633] pci_bus 0000:00: root bus resource [mem 0x40000000-0xfdffffff window]
[    0.671731] pci_bus 0000:00: root bus resource [bus 00-ff]
[    0.676159] pci 0000:00:01.1: legacy IDE quirk: reg 0x10: [io  0x01f0-0x01f7]
[    0.677858] pci 0000:00:01.1: legacy IDE quirk: reg 0x14: [io  0x03f6]
[    0.679741] pci 0000:00:01.1: legacy IDE quirk: reg 0x18: [io  0x0170-0x0177]
[    0.681401] pci 0000:00:01.1: legacy IDE quirk: reg 0x1c: [io  0x0376]
[    0.701685] pci 0000:00:07.0: quirk: [io  0x4000-0x403f] claimed by PIIX4 ACPI
[    0.703976] pci 0000:00:07.0: quirk: [io  0x4100-0x410f] claimed by PIIX4 SMB
[    0.716816] ACPI: PCI Interrupt Link [LNKA] (IRQs 5 9 10 *11)
[    0.719135] ACPI: PCI Interrupt Link [LNKB] (IRQs 5 9 *10 11)
[    0.721201] ACPI: PCI Interrupt Link [LNKC] (IRQs 5 *9 10 11)
[    0.723466] ACPI: PCI Interrupt Link [LNKD] (IRQs 5 9 10 *11)
[    0.725524] ACPI: Enabled 2 GPEs in block 00 to 07
[    0.727348] vgaarb: setting as boot device: PCI:0000:00:02.0
[    0.729021] vgaarb: device added: PCI:0000:00:02.0,decodes=io+mem,owns=io+mem,locks=none
[    0.731606] vgaarb: loaded
[    0.732524] vgaarb: bridge control possible 0000:00:02.0
[    0.734157] SCSI subsystem initialized
[    0.735570] ACPI: bus type USB registered
[    0.736735] usbcore: registered new interface driver usbfs
[    0.738180] usbcore: registered new interface driver hub
[    0.739564] usbcore: registered new device driver usb
[    0.741277] PCI: Using ACPI for IRQ routing
[    0.742754] NetLabel: Initializing
[    0.743833] NetLabel:  domain hash size = 128
[    0.744993] NetLabel:  protocols = UNLABELED CIPSOv4
[    0.746618] NetLabel:  unlabeled traffic allowed by default
[    0.748265] amd_nb: Cannot enumerate AMD northbridges
[    0.749646] clocksource: Switched to clocksource kvm-clock
[    0.762493] AppArmor: AppArmor Filesystem Enabled
[    0.763927] pnp: PnP ACPI init
[    0.765723] pnp: PnP ACPI: found 3 devices
[    0.777136] clocksource: acpi_pm: mask: 0xffffff max_cycles: 0xffffff, max_idle_ns: 2085701024 ns
[    0.779672] NET: Registered protocol family 2
[    0.781735] TCP established hash table entries: 8192 (order: 4, 65536 bytes)
[    0.783958] TCP bind hash table entries: 8192 (order: 5, 131072 bytes)
[    0.786332] TCP: Hash tables configured (established 8192 bind 8192)
[    0.788230] UDP hash table entries: 512 (order: 2, 16384 bytes)
[    0.789993] UDP-Lite hash table entries: 512 (order: 2, 16384 bytes)
[    0.791576] NET: Registered protocol family 1
[    0.792820] pci 0000:00:00.0: Limiting direct PCI/PCI transfers
[    0.794470] pci 0000:00:01.0: Activating ISA DMA hang workarounds
[    0.798146] Unpacking initramfs...
[    1.039426] Freeing initrd memory: 14888K
[    1.041087] clocksource: tsc: mask: 0xffffffffffffffff max_cycles: 0x39da34de843, max_idle_ns: 440795347293 ns
[    1.044565] platform rtc_cmos: registered platform RTC device (no PNP device found)
[    1.046819] Scanning for low memory corruption every 60 seconds
[    1.049039] audit: initializing netlink subsys (disabled)
[    1.051047] audit: type=2000 audit(1654622678.524:1): initialized
[    1.052981] Initialise system trusted keyring
[    1.054459] HugeTLB registered 2 MB page size, pre-allocated 0 pages
[    1.057660] zbud: loaded
[    1.059009] VFS: Disk quotas dquot_6.6.0
[    1.060226] VFS: Dquot-cache hash table entries: 512 (order 0, 4096 bytes)
[    1.062307] squashfs: version 4.0 (2009/01/31) Phillip Lougher
[    1.064594] fuse init (API version 7.23)
[    1.066177] Key type big_key registered
[    1.067430] Allocating IMA MOK and blacklist keyrings.
[    1.072592] Key type asymmetric registered
[    1.073781] Asymmetric key parser 'x509' registered
[    1.075359] Block layer SCSI generic (bsg) driver version 0.4 loaded (major 249)
[    1.077440] io scheduler noop registered
[    1.078526] io scheduler deadline registered (default)
[    1.079896] io scheduler cfq registered
[    1.081066] pci_hotplug: PCI Hot Plug PCI Core version: 0.5
[    1.082595] pciehp: PCI Express Hot Plug Controller Driver version: 0.4
[    1.084449] ACPI: AC Adapter [AC] (on-line)
[    1.085963] input: Power Button as /devices/LNXSYSTM:00/LNXPWRBN:00/input/input0
[    1.088043] ACPI: Power Button [PWRF]
[    1.089171] input: Sleep Button as /devices/LNXSYSTM:00/LNXSLPBN:00/input/input1
[    1.091380] ACPI: Sleep Button [SLPF]
[    1.092838] GHES: HEST is not enabled!
[    1.094031] Serial: 8250/16550 driver, 32 ports, IRQ sharing enabled
[    1.116296] 00:02: ttyS0 at I/O 0x3f8 (irq = 4, base_baud = 115200) is a 16550A
[    1.121192] Linux agpgart interface v0.103
[    1.125071] loop: module loaded
[    1.127016] scsi host0: ata_piix
[    1.128284] scsi host1: ata_piix
[    1.129434] ata1: PATA max UDMA/33 cmd 0x1f0 ctl 0x3f6 bmdma 0xd000 irq 14
[    1.131758] ata2: PATA max UDMA/33 cmd 0x170 ctl 0x376 bmdma 0xd008 irq 15
[    1.133798] libphy: Fixed MDIO Bus: probed
[    1.135164] tun: Universal TUN/TAP device driver, 1.6
[    1.136982] tun: (C) 1999-2004 Max Krasnyansky <maxk@qualcomm.com>
[    1.139627] PPP generic driver version 2.4.2
[    1.140854] ehci_hcd: USB 2.0 'Enhanced' Host Controller (EHCI) Driver
[    1.142670] ehci-pci: EHCI PCI platform driver
[    1.143923] ehci-platform: EHCI generic platform driver
[    1.145225] ohci_hcd: USB 1.1 'Open' Host Controller (OHCI) Driver
[    1.146992] ohci-pci: OHCI PCI platform driver
[    1.148293] ohci-platform: OHCI generic platform driver
[    1.149653] uhci_hcd: USB Universal Host Controller Interface driver
[    1.151421] i8042: PNP: PS/2 Controller [PNP0303:PS2K,PNP0f03:PS2M] at 0x60,0x64 irq 1,12
[    1.154162] serio: i8042 KBD port at 0x60,0x64 irq 1
[    1.156050] serio: i8042 AUX port at 0x60,0x64 irq 12
[    1.157641] mousedev: PS/2 mouse device common for all mice
[    1.159853] input: AT Translated Set 2 keyboard as /devices/platform/i8042/serio0/input/input2
[    1.162319] rtc_cmos rtc_cmos: rtc core: registered rtc_cmos as rtc0
[    1.164126] rtc_cmos rtc_cmos: alarms up to one day, 114 bytes nvram
[    1.165672] i2c /dev entries driver
[    1.166764] device-mapper: uevent: version 1.0.3
[    1.168164] device-mapper: ioctl: 4.34.0-ioctl (2015-10-28) initialised: dm-devel@redhat.com
[    1.170420] ledtrig-cpu: registered to indicate activity on CPUs
[    1.172717] x86/pm: family 0x15 cpu detected, MSR saving is needed during suspending.
[    1.175044] NET: Registered protocol family 10
[    1.176518] NET: Registered protocol family 17
[    1.177930] Key type dns_resolver registered
[    1.179628] registered taskstats version 1
[    1.180852] Loading compiled-in X.509 certificates
[    1.182816] Loaded X.509 cert 'Build time autogenerated kernel key: cf00e047681d67edb2720680708b7d9498083038'
[    1.185970] zswap: loaded using pool lzo/zbud
[    1.189518] Key type trusted registered
[    1.194319] Key type encrypted registered
[    1.195440] AppArmor: AppArmor sha1 policy hashing enabled
[    1.197119] ima: No TPM chip found, activating TPM-bypass!
[    1.199044] ima: Allocated hash algorithm: sha1
[    1.200376] evm: HMAC attrs: 0x1
[    1.202004]   Magic number: 10:702:440
[    1.203081] clockevents broadcast: hash matches
[    1.204381] rtc_cmos rtc_cmos: setting system clock to 2022-06-07 17:24:33 UTC (1654622673)
[    1.206865] BIOS EDD facility v0.16 2004-Jun-25, 0 devices found
[    1.208402] EDD information not available.
[    1.315767] Freeing unused kernel memory: 1492K
[    1.317234] Write protecting the kernel read-only data: 14336k
[    1.319712] Freeing unused kernel memory: 1584K
[    1.321550] Freeing unused kernel memory: 52K
Loading, please wait...
starting version 229
[    1.338373] random: systemd-udevd: uninitialized urandom read (16 bytes read, 2 bits of entropy available)
[    1.339398] random: udevadm: uninitialized urandom read (16 bytes read, 2 bits of entropy available)
[    1.339420] random: udevadm: uninitialized urandom read (16 bytes read, 2 bits of entropy available)
[    1.347760] random: systemd-udevd: uninitialized urandom read (16 bytes read, 2 bits of entropy available)
[    1.350744] random: systemd-udevd: uninitialized urandom read (16 bytes read, 2 bits of entropy available)
[    1.351375] random: udevadm: uninitialized urandom read (16 bytes read, 2 bits of entropy available)
[    1.351423] random: udevadm: uninitialized urandom read (16 bytes read, 2 bits of entropy available)
[    1.351564] random: udevadm: uninitialized urandom read (16 bytes read, 2 bits of entropy available)
[    1.351620] random: udevadm: uninitialized urandom read (16 bytes read, 2 bits of entropy available)
[    1.351675] random: udevadm: uninitialized urandom read (16 bytes read, 2 bits of entropy available)
[    1.400335] e1000: Intel(R) PRO/1000 Network Driver - version 7.3.21-k8-NAPI
[    1.402702] e1000: Copyright (c) 1999-2006 Intel Corporation.
[    1.408223] Fusion MPT base driver 3.04.20
[    1.409606] Copyright (c) 1999-2008 LSI Corporation
[    1.424909] AVX version of gcm_enc/dec engaged.
[    1.426475] AES CTR mode by8 optimization enabled
[    1.433940] Fusion MPT SPI Host driver 3.04.20
[    1.625781] input: ImExPS/2 Generic Explorer Mouse as /devices/platform/i8042/serio1/input/input4
[    1.918829] e1000 0000:00:03.0 eth0: (PCI:33MHz:32-bit) 02:be:82:6b:cc:1d
[    1.929426] e1000 0000:00:03.0 eth0: Intel(R) PRO/1000 Network Connection
[    2.459315] e1000 0000:00:08.0 eth1: (PCI:33MHz:32-bit) 08:00:27:3a:f0:c9
[    2.465432] e1000 0000:00:08.0 eth1: Intel(R) PRO/1000 Network Connection
[    2.492150] e1000 0000:00:03.0 enp0s3: renamed from eth0
[    2.494843] mptbase: ioc0: Initiating bringup
[    2.514638] e1000 0000:00:08.0 enp0s8: renamed from eth1
[    2.974630] ioc0: LSI53C1030 A0: Capabilities={Initiator}
[    3.719723] scsi host2: ioc0: LSI53C1030 A0, FwRev=00000000h, Ports=1, MaxQ=256, IRQ=20
[    4.546715] scsi 2:0:0:0: Direct-Access     VBOX     HARDDISK         1.0  PQ: 0 ANSI: 5
[    4.550121] scsi target2:0:0: Beginning Domain Validation
[    4.553639] scsi target2:0:0: Domain Validation skipping write tests
[    4.555709] scsi target2:0:0: Ending Domain Validation
[    4.557354] scsi target2:0:0: asynchronous
[    4.559451] scsi 2:0:1:0: Direct-Access     VBOX     HARDDISK         1.0  PQ: 0 ANSI: 5
[    4.562710] scsi target2:0:1: Beginning Domain Validation
[    4.565972] scsi target2:0:1: Domain Validation skipping write tests
[    4.567824] scsi target2:0:1: Ending Domain Validation
[    4.569513] scsi target2:0:1: asynchronous
[    4.580069] sd 2:0:0:0: [sda] 83886080 512-byte logical blocks: (42.9 GB/40.0 GiB)
[    4.581950] sd 2:0:0:0: Attached scsi generic sg0 type 0
[    4.582712] sd 2:0:1:0: Attached scsi generic sg1 type 0
[    4.583076] sd 2:0:1:0: [sdb] 20480 512-byte logical blocks: (10.5 MB/10.0 MiB)
[    4.583424] sd 2:0:1:0: [sdb] Write Protect is off
[    4.583641] sd 2:0:1:0: [sdb] Incomplete mode parameter data
[    4.583642] sd 2:0:1:0: [sdb] Assuming drive cache: write through
[    4.586661] sd 2:0:1:0: [sdb] Attached SCSI disk
[    4.599393] sd 2:0:0:0: [sda] Write Protect is off
[    4.601119] sd 2:0:0:0: [sda] Incomplete mode parameter data
[    4.603130] sd 2:0:0:0: [sda] Assuming drive cache: write through
[    4.618642]  sda: sda1
[    4.621538] sd 2:0:0:0: [sda] Attached SCSI disk
Begin: Loading essential drivers ... [    6.169306] md: linear personality registered for level -1
[    6.173604] md: multipath personality registered for level -4
[    6.177968] md: raid0 personality registered for level 0
[    6.183123] md: raid1 personality registered for level 1
[    6.253926] raid6: sse2x1   gen()  6370 MB/s
[    6.322146] raid6: sse2x1   xor()  4944 MB/s
[    6.391492] raid6: sse2x2   gen() 11443 MB/s
[    6.457917] raid6: sse2x2   xor()  7246 MB/s
[    6.526236] raid6: sse2x4   gen() 13290 MB/s
[    6.594707] raid6: sse2x4   xor()  5779 MB/s
[    6.596121] raid6: using algorithm sse2x4 gen() 13290 MB/s
[    6.598116] raid6: .... xor() 5779 MB/s, rmw enabled
[    6.599727] raid6: using ssse3x2 recovery algorithm
[    6.602949] xor: automatically using best checksumming function:
[    6.642494]    avx       :  4533.000 MB/sec
[    6.645823] async_tx: api initialized (async)
[    6.657531] md: raid6 personality registered for level 6
[    6.659365] md: raid5 personality registered for level 5
[    6.661237] md: raid4 personality registered for level 4
[    6.670067] md: raid10 personality registered for level 10
done.
Begin: Running /scripts/init-premount ... done.
Begin: Mounting root file system ... Begin: Running /scripts/local-top ... done.
Begin: Running /scripts/local-premount ... [    6.701573] Btrfs loaded
Scanning for Btrfs filesystems
done.
Warning: fsck not present, so skipping root file system
[    6.762466] EXT4-fs (sda1): mounted filesystem with ordered data mode. Opts: (null)
done.
Begin: Running /scripts/local-bottom ... done.
Begin: Running /scripts/init-bottom ... done.
[    7.367681] systemd[1]: systemd 229 running in system mode. (+PAM +AUDIT +SELINUX +IMA +APPARMOR +SMACK +SYSVINIT +UTMP +LIBCRYPTSETUP +GCRYPT +GNUTLS +ACL +XZ -LZ4 +SECCOMP +BLKID +ELFUTILS +KMOD -IDN)
[    7.376349] systemd[1]: Detected virtualization oracle.
[    7.378968] systemd[1]: Detected architecture x86-64.

Welcome to [1mUbuntu 16.04.7 LTS[0m!

[    7.433801] systemd[1]: Set hostname to <ubuntu>.
[    7.459089] systemd[1]: Initializing machine ID from random generator.
[    7.465080] systemd[1]: Installed transient /etc/machine-id file.
[    7.892861] random: nonblocking pool is initialized
[    8.338785] systemd[1]: Started Trigger resolvconf update for networkd DNS.
[[0;32m  OK  [0m] Started Trigger resolvconf update for networkd DNS.
[    8.342209] systemd[1]: Reached target Encrypted Volumes.
[[0;32m  OK  [0m] Reached target Encrypted Volumes.
[    8.345140] systemd[1]: Set up automount Arbitrary Executable File Formats File System Automount Point.
[[0;32m  OK  [0m] Set up automount Arbitrary Executab...ats File System Automount Point.
[    8.349353] systemd[1]: Listening on Journal Socket.
[[0;32m  OK  [0m] Listening on Journal Socket.
[    8.351816] systemd[1]: Started Forward Password Requests to Wall Directory Watch.
[[0;32m  OK  [0m] Started Forward Password Requests to Wall Directory Watch.
[    8.355344] systemd[1]: Listening on fsck to fsckd communication Socket.
[[0;32m  OK  [0m] Listening on fsck to fsckd communication Socket.
[    8.358076] systemd[1]: Listening on LVM2 metadata daemon socket.
[[0;32m  OK  [0m] Listening on LVM2 metadata daemon socket.
[    8.360758] systemd[1]: Reached target System Time Synchronized.
[[0;32m  OK  [0m] Reached target System Time Synchronized.
[    8.363724] systemd[1]: Created slice User and Session Slice.
[[0;32m  OK  [0m] Created slice User and Session Slice.
[    8.366354] systemd[1]: Listening on Journal Socket (/dev/log).
[[0;32m  OK  [0m] Listening on Journal Socket (/dev/log).
[    8.369094] systemd[1]: Listening on udev Control Socket.
[[0;32m  OK  [0m] Listening on udev Control Socket.
[    8.371864] systemd[1]: Reached target Swap.
[[0;32m  OK  [0m] Reached target Swap.
[    8.373912] systemd[1]: Listening on /dev/initctl Compatibility Named Pipe.
[[0;32m  OK  [0m] Listening on /dev/initctl Compatibility Named Pipe.
[    8.377057] systemd[1]: Listening on udev Kernel Socket.
[[0;32m  OK  [0m] Listening on udev Kernel Socket.
[    8.379712] systemd[1]: Listening on Syslog Socket.
[[0;32m  OK  [0m] Listening on Syslog Socket.
[    8.382210] systemd[1]: Listening on Journal Audit Socket.
[[0;32m  OK  [0m] Listening on Journal Audit Socket.
[    8.385062] systemd[1]: Listening on LVM2 poll daemon socket.
[[0;32m  OK  [0m] Listening on LVM2 poll daemon socket.
[    8.387771] systemd[1]: Listening on Device-mapper event daemon FIFOs.
[[0;32m  OK  [0m] Listening on Device-mapper event daemon FIFOs.
[    8.390642] systemd[1]: Reached target User and Group Name Lookups.
[[0;32m  OK  [0m] Reached target User and Group Name Lookups.
[    8.393631] systemd[1]: Created slice System Slice.
[[0;32m  OK  [0m] Created slice System Slice.
[    8.521129] systemd[1]: Starting Journal Service...
         Starting Journal Service...
[    8.545406] systemd[1]: Starting Nameserver information manager...
         Starting Nameserver information manager...
[    8.560250] systemd[1]: Reached target Slices.
[[0;32m  OK  [0m] Reached target Slices.
[    8.568179] systemd[1]: Mounting Huge Pages File System...
         Mounting Huge Pages File System...
[    8.574549] systemd[1]: Starting Set console keymap...
         Starting Set console keymap...
[    8.618895] systemd[1]: Starting Load Kernel Modules...
         Starting Load Kernel Modules...
[    8.625097] systemd[1]: Starting File System Check on Root Device...
         Starting File System Check on Root Device...
[    8.635731] systemd[1]: Starting Create list of required static device nodes for the current kernel...
         Starting Create list of required st... nodes for the current kernel...
[    8.646291] systemd[1]: Mounting Debug File System...
         Mounting Debug File System...
[    8.650580] systemd[1]: Starting Monitoring of LVM2 mirrors, snapshots etc. using dmeventd or progress polling...
         Starting Monitoring of LVM2 mirrors... dmeventd or progress polling...
[    8.657654] systemd[1]: Starting Uncomplicated firewall...
         Starting Uncomplicated firewall...
[    8.662259] systemd[1]: Mounting POSIX Message Queue File System...
         Mounting POSIX Message Queue File System...
[    8.665732] systemd[1]: Created slice system-serial\x2dgetty.slice.
[[0;32m  OK  [0m] Created slice system-serial\x2dgetty.slice.
[    8.671691] systemd[1]: Mounted Huge Pages File System.
[[0;32m  OK  [0m] Mounted Huge Pages File System.
[    8.675800] systemd[1]: Mounted POSIX Message Queue File System.
[[0;32m  OK  [0m] Mounted POSIX Message Queue File System.
[    8.679621] systemd[1]: Mounted Debug File System.
[[0;32m  OK  [0m] Mounted Debug File System.
[    8.682622] systemd[1]: Started Journal Service.
[[0;32m  OK  [0m] Started Journal Service.
[[0;32m  OK  [0m] Started File System Check Daemon to report status.
[[0;32m  OK  [0m] Started Set console keymap.
[    8.734075] Loading iSCSI transport class v2.0-870.
[[0;32m  OK  [0m] Started Uncomplicated firewall.
[[0;32m  OK  [0m] Started Create list of required sta...ce nodes for the current kernel.
         Starting Create Static Device Nodes in /dev...
[[0;32m  OK  [0m] Started Nameserver information manager.
[    8.905133] iscsi: registered transport (tcp)
[[0;32m  OK  [0m] Started File System Check on Root Device.
         Starting Remount Root and Kernel File Systems...
[[0;32m  OK  [0m] Started LVM2 metadata daemon.
[    9.129963] EXT4-fs (sda1): re-mounted. Opts: (null)
[[0;32m  OK  [0m] Started Remount Root and Kernel File Systems.
         Starting udev Coldplug all Devices...
         Starting Load/Save Random Seed...
         Starting Flush Journal to Persistent Storage...
[[0;32m  OK  [0m] Started Load/Save Random Seed.
[    9.242665] iscsi: registered transport (iser)
[[0;32m  OK  [0m] Started Load Kernel Modules.
         Starting Apply Kernel Variables...
         Mounting FUSE Control File System...
[[0;32m  OK  [0m] Mounted FUSE Control File System.
[    9.312842] systemd-journald[370]: Received request to flush runtime journal from PID 1
[[0;32m  OK  [0m] Started Flush Journal to Persistent Storage.
[[0;32m  OK  [0m] Started udev Coldplug all Devices.
[[0;32m  OK  [0m] Started Monitoring of LVM2 mirrors,...ng dmeventd or progress polling.
[[0;32m  OK  [0m] Started Apply Kernel Variables.
[[0;32m  OK  [0m] Started Create Static Device Nodes in /dev.
         Starting udev Kernel Device Manager...
[[0;32m  OK  [0m] Reached target Local File Systems (Pre).
[[0;32m  OK  [0m] Reached target Local File Systems.
         Starting LSB: AppArmor initialization...
         Starting Tell Plymouth To Write Out Runtime Data...
         Starting Set console font and keymap...
         Starting Initial cloud-init job (pre-networking)...
         Starting Create Volatile Files and Directories...
         Starting Commit a transient machine-id on disk...
[[0;32m  OK  [0m] Started Commit a transient machine-id on disk.
[[0;32m  OK  [0m] Started Tell Plymouth To Write Out Runtime Data.
[[0;32m  OK  [0m] Started Create Volatile Files and Directories.
         Starting Update UTMP about System Boot/Shutdown...
[[0;32m  OK  [0m] Started Update UTMP about System Boot/Shutdown.
[[0;32m  OK  [0m] Started udev Kernel Device Manager.
[[0;32m  OK  [0m] Started Dispatch Password Requests to Console Directory Watch.
[[0;32m  OK  [0m] Found device /dev/ttyS0.
[[0;32m  OK  [0m] Listening on Load/Save RF Kill Switch Status /dev/rfkill Watch.
[[0;32m  OK  [0m] Started Set console font and keymap.
[[0;32m  OK  [0m] Created slice system-getty.slice.
[[0;32m  OK  [0m] Started LSB: AppArmor initialization.
         Starting Load AppArmor profiles managed internally by snapd...
[[0;32m  OK  [0m] Started Load AppArmor profiles managed internally by snapd.
[   13.796462] cloud-init[484]: Cloud-init v. 21.1-19-gbad84ad4-0ubuntu1~16.04.2 running 'init-local' at Tue, 07 Jun 2022 17:24:45 +0000. Up 12.88 seconds.
[[0;32m  OK  [0m] Started Initial cloud-init job (pre-networking).
[[0;32m  OK  [0m] Reached target Network (Pre).
         Starting Raise network interfaces...
[[0;32m  OK  [0m] Started Raise network interfaces.
[[0;32m  OK  [0m] Reached target Network.
         Starting Initial cloud-init job (metadata service crawler)...
[   16.320896] cloud-init[957]: Cloud-init v. 21.1-19-gbad84ad4-0ubuntu1~16.04.2 running 'init' at Tue, 07 Jun 2022 17:24:47 +0000. Up 14.63 seconds.
[   16.323856] cloud-init[957]: ci-info: ++++++++++++++++++++++++++++++++++++++Net device info+++++++++++++++++++++++++++++++++++++++
[   16.326049] cloud-init[957]: ci-info: +--------+-------+----------------------------+---------------+--------+-------------------+
[   16.328531] cloud-init[957]: ci-info: | Device |   Up  |          Address           |      Mask     | Scope  |     Hw-Address    |
[   16.330863] cloud-init[957]: ci-info: +--------+-------+----------------------------+---------------+--------+-------------------+
[   16.333579] cloud-init[957]: ci-info: | enp0s3 |  True |         10.0.2.15          | 255.255.255.0 | global | 02:be:82:6b:cc:1d |
[   16.336631] cloud-init[957]: ci-info: | enp0s3 |  True | fe80::be:82ff:fe6b:cc1d/64 |       .       |  link  | 02:be:82:6b:cc:1d |
[   16.339093] cloud-init[957]: ci-info: | enp0s8 | False |             .              |       .       |   .    | 08:00:27:3a:f0:c9 |
[   16.341233] cloud-init[957]: ci-info: |   lo   |  True |         127.0.0.1          |   255.0.0.0   |  host  |         .         |
[   16.343560] cloud-init[957]: ci-info: |   lo   |  True |          ::1/128           |       .       |  host  |         .         |
[   16.345912] cloud-init[957]: ci-info: +--------+-------+----------------------------+---------------+--------+-------------------+
[   16.348308] cloud-init[957]: ci-info: +++++++++++++++++++++++++++Route IPv4 info++++++++++++++++++++++++++++
[   16.350217] cloud-init[957]: ci-info: +-------+-------------+----------+---------------+-----------+-------+
[   16.352264] cloud-init[957]: ci-info: | Route | Destination | Gateway  |    Genmask    | Interface | Flags |
[   16.354458] cloud-init[957]: ci-info: +-------+-------------+----------+---------------+-----------+-------+
[   16.356911] cloud-init[957]: ci-info: |   0   |   0.0.0.0   | 10.0.2.2 |    0.0.0.0    |   enp0s3  |   UG  |
[   16.358659] cloud-init[957]: ci-info: |   1   |   10.0.2.0  | 0.0.0.0  | 255.255.255.0 |   enp0s3  |   U   |
[   16.360344] cloud-init[957]: ci-info: +-------+-------------+----------+---------------+-----------+-------+
[   16.362100] cloud-init[957]: ci-info: +++++++++++++++++++Route IPv6 info+++++++++++++++++++
[   16.363599] cloud-init[957]: ci-info: +-------+-------------+---------+-----------+-------+
[   16.365303] cloud-init[957]: ci-info: | Route | Destination | Gateway | Interface | Flags |
[   16.367096] cloud-init[957]: ci-info: +-------+-------------+---------+-----------+-------+
[   16.368657] cloud-init[957]: ci-info: |   0   |  fe80::/64  |    ::   |   enp0s3  |   U   |
[   16.371243] cloud-init[957]: ci-info: |   3   |   ff00::/8  |    ::   |   enp0s3  |   U   |
[   16.372998] cloud-init[957]: ci-info: +-------+-------------+---------+-----------+-------+
[   16.375198] cloud-init[957]: Generating public/private rsa key pair.[[0;32m  OK  [0m] Started Initial cloud-init job (metadata service crawler).
[[0;32m  OK  [0m] Reached target System Initialization.
[[0;32m  OK  [0m] Listening on D-Bus System Message Bus Socket.

[   16.379931] cloud-init[957]: Your identification has been saved in /etc/ssh/ssh_host_rsa_key.
[   16.382151] cloud-init[957]: Your public key has been saved in /etc/ssh/ssh_host_rsa_key.pub.
[   16.384101] cloud-init[957]: The key fingerprint is:
[   16.385322] cloud-init[957]: SHA256:9g1SZ26K2DuL0gHrX6rRJGuZz9WN1pov4JEIISxmNIE root@ubuntu-xenial
[   16.387436] cloud-init[957]: The key's randomart image is:
[   16.388849] cloud-init[957]: +---[RSA 2048]----+
[   16.396851] cloud-init[957]: |o=.              |
[   16.398014] cloud-init[957]: |Eo+ .            |
[   16.399250] cloud-init[957]: |o. . .    . o    |
[   16.400378] cloud-init[957]: |    o    . +     |
[   16.401787] cloud-init[957]: |    .+..S.. o    |
[   16.402978] cloud-init[957]: |    .Bo++= O     |
[   16.404175] cloud-init[957]: |   .*.oo=o* +    |
[   16.405334] cloud-init[957]: |   .o+.=oo.o     |
[   16.413479]          Starting LXD - unix socket.
[[0;32m  OK  [0m] Started Message of the Day.
         Starting Socket activation for snappy daemon.
[[0;32m  OK  [0m] Listening on UUID daemon activation socket.
cloud-init[957]: |    .+* oooo.    |[[0;32m  OK  [0m] Started ACPI Events Check.
[[0;32m  OK  [0m] Reached target Paths.
[[0;32m  OK  [0m] Started Ubuntu Advantage update messaging.

[[0;32m  OK  [0m] Listening on ACPID Listen Socket.
[   16.420940] [[0;32m  OK  [0m] Started Daily apt download activities.
[[0;32m  OK  [0m] Started Daily apt upgrade and clean activities.
[[0;32m  OK  [0m] Started Daily Cleanup of Temporary Directories.
[[0;32m  OK  [0m] Reached target Timers.
[[0;32m  OK  [0m] Reached target Network is Online.
cloud-init[957]: +----[SHA256]-----+
[   16.426776] cloud-init[957]: Generating public/private dsa key pair.
[   16.428822] cloud-init[957]: Your identification has been saved in /etc/ssh/ssh_host_dsa_key.
[   16.431325] cloud-init[957]: Your public key has been saved in /etc/ssh/ssh_host_dsa_key.pub.
[   16.433077] cloud-init[957]: The key fingerprint is:
[   16.434394] cloud-init[957]: SHA256:cq8w5iLu4O1EE5ENSL2/7qlpEd0GKYRRE4z26Yelrqs root@ubuntu-xenial
[   16.436495]          Starting iSCSI initiator daemon (iscsid)...
[[0;32m  OK  [0m] Reached target Cloud-config availability.
[[0;32m  OK  [0m] Listening on LXD - unix socket.
[[0;32m  OK  [0m] Listening on Socket activation for snappy daemon.
[[0;32m  OK  [0m] Reached target Sockets.
[[0;32m  OK  [0m] Reached target Basic System.
         Starting LSB: Record successful boot for GRUB...
[[0;32m  OK  [0m] Started D-Bus System Message Bus.
cloud-init[957]: The key's randomart image is:
[   16.445704] cloud-init[957]: +---[DSA 1024]----+
[   16.447682] cloud-init[957]: |.oXB= .          |
[   16.448896] cloud-init[957]: | = =o+           |
[   16.450129] cloud-init[957]: |. ..= o          |
[   16.451340] cloud-init[957]: |   =.o o         |
[   16.452661] cloud-init[957]: |  .o* o S        |
[   16.453894] cloud-init[957]: |  .=.o o .       |
[   16.455215] cloud-init[957]: |. ..o =   .      |
[   16.456437] cloud-init[957]: |..+oo+.o .       |
[   16.457651] cloud-init[957]: |E*B*+=. .        |
[   16.458928] cloud-init[957]: +----[SHA256]-----+
[   16.460155] cloud-init[957]: Generating public/private ecdsa key pair.
[   16.461783] cloud-init[957]: Your identification has been saved in /etc/ssh/ssh_host_ecdsa_key.
[   16.463900] cloud-init[957]: Your public key has been saved in /etc/ssh/ssh_host_ecdsa_key.pub.
[   16.465976] cloud-init[957]: The key fingerprint is:
[   16.467369] cloud-init[957]: SHA256:1hEegpIJfyuts/c54eqU0h9ZKf3BTRek+IMlU00zjDM root@ubuntu-xenial
[   16.469654] cloud-init[957]: The key's randomart image is:
[   16.471132] cloud-init[957]: +---[ECDSA 256]---+
[   16.472466] cloud-init[957]: |  .. o .. o  .** |
[   16.473687] cloud-init[957]: |   .+ .  o ooE.o+|
[   16.474933] cloud-init[957]: |    ...   o+ o+ .|
[   16.476044] cloud-init[957]: |     o . o +*o . |
[   16.477110] cloud-init[957]: |    . o S =.oo.  |
[   16.478399] cloud-init[957]: |     + o.+ . ..  |
[   16.479645] cloud-init[957]: |    + +.o.  .    |
[   16.480843] cloud-init[957]: |     =..oo       |
[   16.482111] cloud-init[957]: |    .ooo+.       |
[   16.483376] cloud-init[957]: +----[SHA256]-----+
[   16.484687] cloud-init[957]: Generating public/private ed25519 key pair.
[   16.486335] cloud-init[957]: Your identification has been saved in /etc/ssh/ssh_host_ed25519_key.
[   16.488211] cloud-init[957]: Your public key has been saved in /etc/ssh/ssh_host_ed25519_key.pub.
[   16.490192] cloud-init[957]: The key fingerprint is:
[   16.491409] cloud-init[957]: SHA256:KT2hahEsqlP/ed1JTuE9XtR6YHwG2R1kSUIriQ++n3g root@ubuntu-xenial
[   16.493587] cloud-init[957]: The key's randomart image is:
[   16.495040] cloud-init[957]: +--[ED25519 256]--+
[   16.496245] cloud-init[957]: |            .ooB+|
[   16.497590] cloud-init[957]: |   .      . . *.o|
[   16.498881] cloud-init[957]: |  . o   .o o o ..|
[   16.500294] cloud-init[957]: | . . . o.oo o + =|
[   16.501432] cloud-init[957]: |. . . o S. o + * |
[   16.502779] cloud-init[957]: |.. . o . .. + + o|
[   16.504110] cloud-init[957]: |o   +    o = o + |
[   16.505307] cloud-init[957]: | . . . .. +E= .  |
[   16.506504] cloud-init[957]: |      o. ..o     |
[   16.507752] cloud-init[957]: +----[SHA256]-----+
[[0;32m  OK  [0m] Started FUSE filesystem for LXC.
         Starting Accounts Service...
         Starting LSB: MD monitoring daemon...
[[0;32m  OK  [0m] Started Regular background program processing daemon.
         Starting Virtualbox guest utils...
[[0;32m  OK  [0m] Started Deferred execution scheduler.
         Starting Snap Daemon...
         Starting Pollinate to seed the pseudo random number generator...
         Starting System Logging Service...
[[0;32m  OK  [0m] Started ACPI event daemon.
         Starting Login Service...
         Starting /etc/rc.local Compatibility...
         Starting LXD - container startup/shutdown...
[[0;32m  OK  [0m] Started /etc/rc.local Compatibility.
[[0;32m  OK  [0m] Started iSCSI initiator daemon (iscsid).
         Starting Login to default iSCSI targets...
[[0;32m  OK  [0m] Started Login to default iSCSI targets.
[[0;32m  OK  [0m] Reached target Remote File Systems (Pre).
[[0;32m  OK  [0m] Reached target Remote File Systems.
         Starting LSB: Set the CPU Frequency Scaling governor to "ondemand"...
         Starting LSB: automatic crash report generation...
         Starting LSB: daemon to balance interrupts for SMP systems...
         Starting Permit User Sessions...
[[0;32m  OK  [0m] Started LSB: MD monitoring daemon.
[[0;32m  OK  [0m] Started LSB: Set the CPU Frequency Scaling governor to "ondemand".
[[0;32m  OK  [0m] Started LSB: Record successful boot for GRUB.
[[0;32m  OK  [0m] Started LSB: automatic crash report generation.
[[0;32m  OK  [0m] Started Login Service.
[[0;32m  OK  [0m] Started Unattended Upgrades Shutdown.
[[0;32m  OK  [0m] Started Permit User Sessions.
         Starting Terminate Plymouth Boot Screen...
         Starting Hold until boot process finishes up...
[[0;32m  OK  [0m] Started Hold until boot process finishes up.
[[0;32m  OK  [0m] Started Terminate Plymouth Boot Screen.
[[0;32m  OK  [0m] Started Getty on tty1.
         Starting Set console scheme...
[[0;32m  OK  [0m] Started Serial Getty on ttyS0.
[[0;32m  OK  [0m] Reached target Login Prompts.
[[0;32m  OK  [0m] Started LSB: daemon to balance interrupts for SMP systems.
[[0;32m  OK  [0m] Started Set console scheme.
[[0;32m  OK  [0m] Started System Logging Service.
         Starting Authenticate and Authorize Users to Run Privileged Tasks...
[[0;32m  OK  [0m] Started Virtualbox guest utils.
[[0;32m  OK  [0m] Started Authenticate and Authorize Users to Run Privileged Tasks.
[[0;32m  OK  [0m] Started Accounts Service.
[[0;32m  OK  [0m] Started Pollinate to seed the pseudo random number generator.
         Starting OpenBSD Secure Shell server...
[[0;32m  OK  [0m] Started OpenBSD Secure Shell server.
[[0;32m  OK  [0m] Started LXD - container startup/shutdown.
[[0;32m  OK  [0m] Created slice User Slice of vagrant.
         Starting User Manager for UID 1000...
[[0;32m  OK  [0m] Started Session 1 of user vagrant.
[[0;32m  OK  [0m] Started Snap Daemon.
         Starting Wait until snapd is fully seeded...
[[0;32m  OK  [0m] Started User Manager for UID 1000.
[   23.261731] cloud-init[1416]: Generating locales (this might take a while)...

Ubuntu 16.04.7 LTS ubuntu-xenial ttyS0

ubuntu-xenial login: [   24.510528] cloud-init[1416]:   en_US.UTF-8... done
[   24.514104] cloud-init[1416]: Generation complete.
[   27.465410] cloud-init[1416]: Cloud-init v. 21.1-19-gbad84ad4-0ubuntu1~16.04.2 running 'modules:config' at Tue, 07 Jun 2022 17:24:55 +0000. Up 23.00 seconds.
ci-info: no authorized SSH keys fingerprints found for user ubuntu.
<14>Jun  7 17:25:00 ec2: 
<14>Jun  7 17:25:00 ec2: #############################################################
<14>Jun  7 17:25:00 ec2: -----BEGIN SSH HOST KEY FINGERPRINTS-----
<14>Jun  7 17:25:00 ec2: 1024 SHA256:cq8w5iLu4O1EE5ENSL2/7qlpEd0GKYRRE4z26Yelrqs root@ubuntu-xenial (DSA)
<14>Jun  7 17:25:00 ec2: 256 SHA256:1hEegpIJfyuts/c54eqU0h9ZKf3BTRek+IMlU00zjDM root@ubuntu-xenial (ECDSA)
<14>Jun  7 17:25:00 ec2: 256 SHA256:KT2hahEsqlP/ed1JTuE9XtR6YHwG2R1kSUIriQ++n3g root@ubuntu-xenial (ED25519)
<14>Jun  7 17:25:00 ec2: 2048 SHA256:9g1SZ26K2DuL0gHrX6rRJGuZz9WN1pov4JEIISxmNIE root@ubuntu-xenial (RSA)
<14>Jun  7 17:25:00 ec2: -----END SSH HOST KEY FINGERPRINTS-----
<14>Jun  7 17:25:00 ec2: #############################################################
-----BEGIN SSH HOST KEY KEYS-----
ecdsa-sha2-nistp256 AAAAE2VjZHNhLXNoYTItbmlzdHAyNTYAAAAIbmlzdHAyNTYAAABBBNHSwar7bDKMWbjFXj04TpVnuHQ6kgCA2q0qcLNG8BzhUJzC+eXNm0fyH7HbIWzL6OpCSl8up3YITTr/MJdqwyY= root@ubuntu-xenial
ssh-ed25519 AAAAC3NzaC1lZDI1NTE5AAAAIBfd7PyfuiLN77G39rNeuHDNUmrLP2L5VBGHxVjY8lq6 root@ubuntu-xenial
ssh-rsa AAAAB3NzaC1yc2EAAAADAQABAAABAQDWFYV1Aq+4sW53R8l54vP/ACfiCmwSXQvgEnqWF+tZBpfe4xuqhsQaiSaptX1XPyuSe0grKvrlO8KpbMjlvxo1TD+64K7fO25vYOI8ZPyW8oy4EqWxGU02v2UOCzn5hwW0tYTIbbI85vvxPFnOx24xv68Gq+5MqGYGpNn4EMxgcGSOGKa4S+no7yevALJ+l0fAKXih8ooZXN0zVrHs2+vSWCTRCFQRUbA516XL0EOfuSjTi74CXZ7CdSaqboX/6+NP0Q11hxkiWssXwsZ2ts1S4MMd8wf23IidmztM1BO5HYRGSSvyAhZM320EB7BhDH/gQ7usk3tQdJxfka3jcvS7 root@ubuntu-xenial
-----END SSH HOST KEY KEYS-----
[   28.094516] cloud-init[1570]: Cloud-init v. 21.1-19-gbad84ad4-0ubuntu1~16.04.2 running 'modules:final' at Tue, 07 Jun 2022 17:25:00 +0000. Up 27.84 seconds.
[   28.095254] cloud-init[1570]: ci-info: no authorized SSH keys fingerprints found for user ubuntu.
[   28.095630] cloud-init[1570]: Cloud-init v. 21.1-19-gbad84ad4-0ubuntu1~16.04.2 finished at Tue, 07 Jun 2022 17:25:00 +0000. Datasource DataSourceNoCloud [seed=/dev/sdb][dsmode=net].  Up 28.08 seconds
