[    0.000000] Initializing cgroup subsys cpuset
[    0.000000] Initializing cgroup subsys cpu
[    0.000000] Initializing cgroup subsys cpuacct
[    0.000000] Linux version 4.4.0-210-generic (buildd@lgw01-amd64-009) (gcc version 5.4.0 20160609 (Ubuntu 5.4.0-6ubuntu1~16.04.12) ) #242-Ubuntu SMP Fri Apr 16 09:57:56 UTC 2021 (Ubuntu 4.4.0-210.242-generic 4.4.262)
[    0.000000] Command line: BOOT_IMAGE=/boot/vmlinuz-4.4.0-210-generic root=LABEL=cloudimg-rootfs ro console=tty1 console=ttyS0
[    0.000000] KERNEL supported cpus:
[    0.000000]   Intel GenuineIntel
[    0.000000]   AMD AuthenticAMD
[    0.000000]   Centaur CentaurHauls
[    0.000000] [Firmware Bug]: TSC doesn't count with P0 frequency!
[    0.000000] x86/fpu: xstate_offset[2]:  576, xstate_sizes[2]:  256
[    0.000000] x86/fpu: Supporting XSAVE feature 0x01: 'x87 floating point registers'
[    0.000000] x86/fpu: Supporting XSAVE feature 0x02: 'SSE registers'
[    0.000000] x86/fpu: Supporting XSAVE feature 0x04: 'AVX registers'
[    0.000000] x86/fpu: Enabled xstate features 0x7, context size is 832 bytes, using 'standard' format.
[    0.000000] e820: BIOS-provided physical RAM map:
[    0.000000] BIOS-e820: [mem 0x0000000000000000-0x000000000009fbff] usable
[    0.000000] BIOS-e820: [mem 0x000000000009fc00-0x000000000009ffff] reserved
[    0.000000] BIOS-e820: [mem 0x00000000000f0000-0x00000000000fffff] reserved
[    0.000000] BIOS-e820: [mem 0x0000000000100000-0x000000003ffeffff] usable
[    0.000000] BIOS-e820: [mem 0x000000003fff0000-0x000000003fffffff] ACPI data
[    0.000000] BIOS-e820: [mem 0x00000000fec00000-0x00000000fec00fff] reserved
[    0.000000] BIOS-e820: [mem 0x00000000fee00000-0x00000000fee00fff] reserved
[    0.000000] BIOS-e820: [mem 0x00000000fffc0000-0x00000000ffffffff] reserved
[    0.000000] NX (Execute Disable) protection: active
[    0.000000] SMBIOS 2.5 present.
[    0.000000] Hypervisor detected: KVM
[    0.000000] Kernel/User page tables isolation: disabled
[    0.000000] AGP: No AGP bridge found
[    0.000000] e820: last_pfn = 0x3fff0 max_arch_pfn = 0x400000000
[    0.000000] MTRR: Disabled
[    0.000000] x86/PAT: MTRRs disabled, skipping PAT initialization too.
[    0.000000] CPU MTRRs all blank - virtualized system.
[    0.000000] x86/PAT: Configuration [0-7]: WB  WT  UC- UC  WB  WT  UC- UC  
[    0.000000] found SMP MP-table at [mem 0x0009fff0-0x0009ffff] mapped at [ffff88000009fff0]
[    0.000000] Scanning 1 areas for low memory corruption
[    0.000000] RAMDISK: [mem 0x362dc000-0x37165fff]
[    0.000000] ACPI: Early table checksum verification disabled
[    0.000000] ACPI: RSDP 0x00000000000E0000 000024 (v02 VBOX  )
[    0.000000] ACPI: XSDT 0x000000003FFF0030 00003C (v01 VBOX   VBOXXSDT 00000001 ASL  00000061)
[    0.000000] ACPI: FACP 0x000000003FFF00F0 0000F4 (v04 VBOX   VBOXFACP 00000001 ASL  00000061)
[    0.000000] ACPI: DSDT 0x000000003FFF0470 002325 (v02 VBOX   VBOXBIOS 00000002 INTL 20100528)
[    0.000000] ACPI: FACS 0x000000003FFF0200 000040
[    0.000000] ACPI: FACS 0x000000003FFF0200 000040
[    0.000000] ACPI: APIC 0x000000003FFF0240 00005C (v02 VBOX   VBOXAPIC 00000001 ASL  00000061)
[    0.000000] ACPI: SSDT 0x000000003FFF02A0 0001CC (v01 VBOX   VBOXCPUT 00000002 INTL 20100528)
[    0.000000] No NUMA configuration found
[    0.000000] Faking a node at [mem 0x0000000000000000-0x000000003ffeffff]
[    0.000000] NODE_DATA(0) allocated [mem 0x3ffeb000-0x3ffeffff]
[    0.000000] kvm-clock: Using msrs 4b564d01 and 4b564d00
[    0.000000] kvm-clock: cpu 0, msr 0:3ffe3001, primary cpu clock
[    0.000000] kvm-clock: using sched offset of 4773213353 cycles
[    0.000000] clocksource: kvm-clock: mask: 0xffffffffffffffff max_cycles: 0x1cd42e4dffb, max_idle_ns: 881590591483 ns
[    0.000000] Zone ranges:
[    0.000000]   DMA      [mem 0x0000000000001000-0x0000000000ffffff]
[    0.000000]   DMA32    [mem 0x0000000001000000-0x000000003ffeffff]
[    0.000000]   Normal   empty
[    0.000000]   Device   empty
[    0.000000] Movable zone start for each node
[    0.000000] Early memory node ranges
[    0.000000]   node   0: [mem 0x0000000000001000-0x000000000009efff]
[    0.000000]   node   0: [mem 0x0000000000100000-0x000000003ffeffff]
[    0.000000] Initmem setup node 0 [mem 0x0000000000001000-0x000000003ffeffff]
[    0.000000] ACPI: PM-Timer IO Port: 0x4008
[    0.000000] IOAPIC[0]: apic_id 2, version 32, address 0xfec00000, GSI 0-23
[    0.000000] ACPI: INT_SRC_OVR (bus 0 bus_irq 0 global_irq 2 dfl dfl)
[    0.000000] ACPI: INT_SRC_OVR (bus 0 bus_irq 9 global_irq 9 low level)
[    0.000000] Using ACPI (MADT) for SMP configuration information
[    0.000000] smpboot: Allowing 2 CPUs, 0 hotplug CPUs
[    0.000000] PM: Registered nosave memory: [mem 0x00000000-0x00000fff]
[    0.000000] PM: Registered nosave memory: [mem 0x0009f000-0x0009ffff]
[    0.000000] PM: Registered nosave memory: [mem 0x000a0000-0x000effff]
[    0.000000] PM: Registered nosave memory: [mem 0x000f0000-0x000fffff]
[    0.000000] e820: [mem 0x40000000-0xfebfffff] available for PCI devices
[    0.000000] Booting paravirtualized kernel on KVM
[    0.000000] clocksource: refined-jiffies: mask: 0xffffffff max_cycles: 0xffffffff, max_idle_ns: 7645519600211568 ns
[    0.000000] setup_percpu: NR_CPUS:512 nr_cpumask_bits:512 nr_cpu_ids:2 nr_node_ids:1
[    0.000000] PERCPU: Embedded 33 pages/cpu @ffff88003fc00000 s95192 r8192 d31784 u1048576
[    0.000000] Built 1 zonelists in Node order, mobility grouping on.  Total pages: 257912
[    0.000000] Policy zone: DMA32
[    0.000000] Kernel command line: BOOT_IMAGE=/boot/vmlinuz-4.4.0-210-generic root=LABEL=cloudimg-rootfs ro console=tty1 console=ttyS0
[    0.000000] PID hash table entries: 4096 (order: 3, 32768 bytes)
[    0.000000] AGP: Checking aperture...
[    0.000000] AGP: No AGP bridge found
[    0.000000] Memory: 997792K/1048120K available (8644K kernel code, 1332K rwdata, 4044K rodata, 1492K init, 1164K bss, 50328K reserved, 0K cma-reserved)
[    0.000000] SLUB: HWalign=64, Order=0-3, MinObjects=0, CPUs=2, Nodes=1
[    0.000000] Hierarchical RCU implementation.
[    0.000000] 	Build-time adjustment of leaf fanout to 64.
[    0.000000] 	RCU restricting CPUs from NR_CPUS=512 to nr_cpu_ids=2.
[    0.000000] RCU: Adjusting geometry for rcu_fanout_leaf=64, nr_cpu_ids=2
[    0.000000] NR_IRQS:33024 nr_irqs:440 16
[    0.000000] Console: colour VGA+ 80x25
[    0.000000] console [tty1] enabled
[    0.000000] console [ttyS0] enabled
[    0.000000] tsc: Detected 4013.512 MHz processor
[    0.282530] Calibrating delay loop (skipped) preset value.. 8027.02 BogoMIPS (lpj=16054048)
[    0.285008] pid_max: default: 32768 minimum: 301
[    0.286611] ACPI: Core revision 20150930
[    0.288674] ACPI: 2 ACPI AML tables successfully acquired and loaded
[    0.290492] Security Framework initialized
[    0.291649] Yama: becoming mindful.
[    0.292784] AppArmor: AppArmor initialized
[    0.294055] Dentry cache hash table entries: 131072 (order: 8, 1048576 bytes)
[    0.296401] Inode-cache hash table entries: 65536 (order: 7, 524288 bytes)
[    0.300705] Mount-cache hash table entries: 2048 (order: 2, 16384 bytes)
[    0.302668] Mountpoint-cache hash table entries: 2048 (order: 2, 16384 bytes)
[    0.305216] Initializing cgroup subsys io
[    0.306673] Initializing cgroup subsys memory
[    0.308125] Initializing cgroup subsys devices
[    0.310026] Initializing cgroup subsys freezer
[    0.311646] Initializing cgroup subsys net_cls
[    0.313004] Initializing cgroup subsys perf_event
[    0.314320] Initializing cgroup subsys net_prio
[    0.315675] Initializing cgroup subsys hugetlb
[    0.317226] Initializing cgroup subsys pids
[    0.318598] mce: CPU supports 0 MCE banks
[    0.319874] Last level iTLB entries: 4KB 512, 2MB 1024, 4MB 512
[    0.321452] Last level dTLB entries: 4KB 1024, 2MB 1024, 4MB 512, 1GB 0
[    0.323199] Spectre V1 : Mitigation: usercopy/swapgs barriers and __user pointer sanitization
[    0.325947] Spectre V2 : Spectre mitigation: LFENCE not serializing, switching to generic retpoline
[    0.328751] Spectre V2 : Mitigation: Full generic retpoline
[    0.330648] Spectre V2 : Spectre v2 / SpectreRSB mitigation: Filling RSB on context switch
[    0.333206] Speculative Store Bypass: Mitigation: Speculative Store Bypass disabled via prctl and seccomp
[    0.339436] Freeing SMP alternatives memory: 36K
[    0.351257] ftrace: allocating 32380 entries in 127 pages
[    0.431336] smpboot: APIC(0) Converting physical 0 to logical package 0
[    0.433306] smpboot: Max logical packages: 1
[    0.434878] x2apic enabled
[    0.436590] Switched APIC routing to physical x2apic.
[    0.439822] ..TIMER: vector=0x30 apic1=0 pin1=2 apic2=-1 pin2=-1
[    0.549491] smpboot: CPU0: AMD FX(tm)-8350 Eight-Core Processor (family: 0x15, model: 0x2, stepping: 0x0)
[    0.555202] Performance Events: Broken PMU hardware detected, using software events only.
[    0.558081] Failed to access perfctr msr (MSR c0010007 is 0)
[    0.573402] KVM setup paravirtual spinlock
[    0.575421] x86: Booting SMP configuration:
[    0.576853] .... node  #0, CPUs:      #1
[    0.578290] kvm-clock: cpu 1, msr 0:3ffe3041, secondary cpu clock
[    0.579793] mce: CPU supports 0 MCE banks
[    0.586428] x86: Booted up 1 node, 2 CPUs
[    0.587866] smpboot: Total of 2 processors activated (16054.04 BogoMIPS)
[    0.591236] devtmpfs: initialized
[    0.594439] evm: security.selinux
[    0.595962] evm: security.SMACK64
[    0.597417] evm: security.SMACK64EXEC
[    0.598677] evm: security.SMACK64TRANSMUTE
[    0.600182] evm: security.SMACK64MMAP
[    0.601333] evm: security.ima
[    0.602369] evm: security.capability
[    0.605654] clocksource: jiffies: mask: 0xffffffff max_cycles: 0xffffffff, max_idle_ns: 7645041785100000 ns
[    0.608554] futex hash table entries: 512 (order: 3, 32768 bytes)
[    0.610358] pinctrl core: initialized pinctrl subsystem
[    0.612104] RTC time:  8:06:06, date: 06/22/22
[    0.613757] NET: Registered protocol family 16
[    0.625467] cpuidle: using governor ladder
[    0.647888] cpuidle: using governor menu
[    0.649302] PCCT header not found.
[    0.651190] ACPI: bus type PCI registered
[    0.652497] acpiphp: ACPI Hot Plug PCI Controller Driver version: 0.5
[    0.654697] PCI: Using configuration type 1 for base access
[    0.656837] PCI: Using configuration type 1 for extended access
[    0.667616] ACPI: Added _OSI(Module Device)
[    0.669375] ACPI: Added _OSI(Processor Device)
[    0.670854] ACPI: Added _OSI(3.0 _SCP Extensions)
[    0.672211] ACPI: Added _OSI(Processor Aggregator Device)
[    0.674846] ACPI: Executed 1 blocks of module-level executable AML code
[    0.679305] ACPI: Interpreter enabled
[    0.680670] ACPI: (supports S0 S5)
[    0.681812] ACPI: Using IOAPIC for interrupt routing
[    0.683637] PCI: Using host bridge windows from ACPI; if necessary, use "pci=nocrs" and report a bug
[    0.692042] ACPI: PCI Root Bridge [PCI0] (domain 0000 [bus 00-ff])
[    0.694276] acpi PNP0A03:00: _OSC: OS supports [ExtendedConfig ASPM ClockPM Segments MSI]
[    0.698294] acpi PNP0A03:00: _OSC: platform does not support [PCIeCapability]
[    0.700476] acpi PNP0A03:00: _OSC: not requesting control; platform does not support [PCIeCapability]
[    0.703710] acpi PNP0A03:00: _OSC: OS requested [PCIeHotplug PME AER PCIeCapability]
[    0.706272] acpi PNP0A03:00: _OSC: platform willing to grant [PCIeHotplug PME AER]
[    0.726678] acpi PNP0A03:00: _OSC failed (AE_SUPPORT); disabling ASPM
[    0.728948] PCI host bridge to bus 0000:00
[    0.730319] pci_bus 0000:00: root bus resource [io  0x0000-0x0cf7 window]
[    0.732220] pci_bus 0000:00: root bus resource [io  0x0d00-0xffff window]
[    0.734011] pci_bus 0000:00: root bus resource [mem 0x000a0000-0x000bffff window]
[    0.736282] pci_bus 0000:00: root bus resource [mem 0x40000000-0xfdffffff window]
[    0.738621] pci_bus 0000:00: root bus resource [bus 00-ff]
[    0.742468] pci 0000:00:01.1: legacy IDE quirk: reg 0x10: [io  0x01f0-0x01f7]
[    0.744262] pci 0000:00:01.1: legacy IDE quirk: reg 0x14: [io  0x03f6]
[    0.746289] pci 0000:00:01.1: legacy IDE quirk: reg 0x18: [io  0x0170-0x0177]
[    0.748109] pci 0000:00:01.1: legacy IDE quirk: reg 0x1c: [io  0x0376]
[    0.770918] pci 0000:00:07.0: quirk: [io  0x4000-0x403f] claimed by PIIX4 ACPI
[    0.772983] pci 0000:00:07.0: quirk: [io  0x4100-0x410f] claimed by PIIX4 SMB
[    0.781871] ACPI: PCI Interrupt Link [LNKA] (IRQs 5 9 10 *11)
[    0.784126] ACPI: PCI Interrupt Link [LNKB] (IRQs 5 9 *10 11)
[    0.786155] ACPI: PCI Interrupt Link [LNKC] (IRQs 5 *9 10 11)
[    0.788568] ACPI: PCI Interrupt Link [LNKD] (IRQs 5 9 10 *11)
[    0.790719] ACPI: Enabled 2 GPEs in block 00 to 07
[    0.792885] vgaarb: setting as boot device: PCI:0000:00:02.0
[    0.794582] vgaarb: device added: PCI:0000:00:02.0,decodes=io+mem,owns=io+mem,locks=none
[    0.797093] vgaarb: loaded
[    0.798057] vgaarb: bridge control possible 0000:00:02.0
[    0.799938] SCSI subsystem initialized
[    0.801267] ACPI: bus type USB registered
[    0.802425] usbcore: registered new interface driver usbfs
[    0.803884] usbcore: registered new interface driver hub
[    0.805295] usbcore: registered new device driver usb
[    0.807047] PCI: Using ACPI for IRQ routing
[    0.808570] NetLabel: Initializing
[    0.809611] NetLabel:  domain hash size = 128
[    0.810845] NetLabel:  protocols = UNLABELED CIPSOv4
[    0.812212] NetLabel:  unlabeled traffic allowed by default
[    0.814004] amd_nb: Cannot enumerate AMD northbridges
[    0.815545] clocksource: Switched to clocksource kvm-clock
[    0.830328] AppArmor: AppArmor Filesystem Enabled
[    0.831732] pnp: PnP ACPI init
[    0.833689] pnp: PnP ACPI: found 3 devices
[    0.845323] clocksource: acpi_pm: mask: 0xffffff max_cycles: 0xffffff, max_idle_ns: 2085701024 ns
[    0.848185] NET: Registered protocol family 2
[    0.849529] TCP established hash table entries: 8192 (order: 4, 65536 bytes)
[    0.851226] TCP bind hash table entries: 8192 (order: 5, 131072 bytes)
[    0.852876] TCP: Hash tables configured (established 8192 bind 8192)
[    0.854358] UDP hash table entries: 512 (order: 2, 16384 bytes)
[    0.856159] UDP-Lite hash table entries: 512 (order: 2, 16384 bytes)
[    0.858070] NET: Registered protocol family 1
[    0.859410] pci 0000:00:00.0: Limiting direct PCI/PCI transfers
[    0.861491] pci 0000:00:01.0: Activating ISA DMA hang workarounds
[    0.865641] Unpacking initramfs...
[    1.127054] Freeing initrd memory: 14888K
[    1.128633] clocksource: tsc: mask: 0xffffffffffffffff max_cycles: 0x39da38f46c4, max_idle_ns: 440795229878 ns
[    1.131718] platform rtc_cmos: registered platform RTC device (no PNP device found)
[    1.135055] Scanning for low memory corruption every 60 seconds
[    1.137540] audit: initializing netlink subsys (disabled)
[    1.139372] audit: type=2000 audit(1655885172.514:1): initialized
[    1.141276] Initialise system trusted keyring
[    1.142857] HugeTLB registered 2 MB page size, pre-allocated 0 pages
[    1.147373] zbud: loaded
[    1.148746] VFS: Disk quotas dquot_6.6.0
[    1.150160] VFS: Dquot-cache hash table entries: 512 (order 0, 4096 bytes)
[    1.152659] squashfs: version 4.0 (2009/01/31) Phillip Lougher
[    1.157009] fuse init (API version 7.23)
[    1.158505] Key type big_key registered
[    1.159768] Allocating IMA MOK and blacklist keyrings.
[    1.163867] Key type asymmetric registered
[    1.165247] Asymmetric key parser 'x509' registered
[    1.166850] Block layer SCSI generic (bsg) driver version 0.4 loaded (major 249)
[    1.169336] io scheduler noop registered
[    1.170667] io scheduler deadline registered (default)
[    1.172068] io scheduler cfq registered
[    1.173537] pci_hotplug: PCI Hot Plug PCI Core version: 0.5
[    1.175028] pciehp: PCI Express Hot Plug Controller Driver version: 0.4
[    1.178191] ACPI: AC Adapter [AC] (on-line)
[    1.179579] input: Power Button as /devices/LNXSYSTM:00/LNXPWRBN:00/input/input0
[    1.181664] ACPI: Power Button [PWRF]
[    1.182900] input: Sleep Button as /devices/LNXSYSTM:00/LNXSLPBN:00/input/input1
[    1.185113] ACPI: Sleep Button [SLPF]
[    1.186581] GHES: HEST is not enabled!
[    1.187839] Serial: 8250/16550 driver, 32 ports, IRQ sharing enabled
[    1.210219] 00:02: ttyS0 at I/O 0x3f8 (irq = 4, base_baud = 115200) is a 16550A
[    1.215376] Linux agpgart interface v0.103
[    1.219286] loop: module loaded
[    1.221748] scsi host0: ata_piix
[    1.223185] scsi host1: ata_piix
[    1.224409] ata1: PATA max UDMA/33 cmd 0x1f0 ctl 0x3f6 bmdma 0xd000 irq 14
[    1.227115] ata2: PATA max UDMA/33 cmd 0x170 ctl 0x376 bmdma 0xd008 irq 15
[    1.229410] libphy: Fixed MDIO Bus: probed
[    1.230848] tun: Universal TUN/TAP device driver, 1.6
[    1.232224] tun: (C) 1999-2004 Max Krasnyansky <maxk@qualcomm.com>
[    1.233899] PPP generic driver version 2.4.2
[    1.235176] ehci_hcd: USB 2.0 'Enhanced' Host Controller (EHCI) Driver
[    1.237050] ehci-pci: EHCI PCI platform driver
[    1.238780] ehci-platform: EHCI generic platform driver
[    1.240509] ohci_hcd: USB 1.1 'Open' Host Controller (OHCI) Driver
[    1.245156] ohci-pci: OHCI PCI platform driver
[    1.246859] ohci-platform: OHCI generic platform driver
[    1.248553] uhci_hcd: USB Universal Host Controller Interface driver
[    1.250138] i8042: PNP: PS/2 Controller [PNP0303:PS2K,PNP0f03:PS2M] at 0x60,0x64 irq 1,12
[    1.252730] serio: i8042 KBD port at 0x60,0x64 irq 1
[    1.254071] serio: i8042 AUX port at 0x60,0x64 irq 12
[    1.255664] mousedev: PS/2 mouse device common for all mice
[    1.258357] input: AT Translated Set 2 keyboard as /devices/platform/i8042/serio0/input/input2
[    1.261722] rtc_cmos rtc_cmos: rtc core: registered rtc_cmos as rtc0
[    1.263321] rtc_cmos rtc_cmos: alarms up to one day, 114 bytes nvram
[    1.265063] i2c /dev entries driver
[    1.266201] device-mapper: uevent: version 1.0.3
[    1.267558] device-mapper: ioctl: 4.34.0-ioctl (2015-10-28) initialised: dm-devel@redhat.com
[    1.269800] ledtrig-cpu: registered to indicate activity on CPUs
[    1.271705] x86/pm: family 0x15 cpu detected, MSR saving is needed during suspending.
[    1.274278] NET: Registered protocol family 10
[    1.276034] NET: Registered protocol family 17
[    1.277544] Key type dns_resolver registered
[    1.279190] registered taskstats version 1
[    1.280408] Loading compiled-in X.509 certificates
[    1.282376] Loaded X.509 cert 'Build time autogenerated kernel key: cf00e047681d67edb2720680708b7d9498083038'
[    1.285098] zswap: loaded using pool lzo/zbud
[    1.289011] Key type trusted registered
[    1.293653] Key type encrypted registered
[    1.294844] AppArmor: AppArmor sha1 policy hashing enabled
[    1.296494] ima: No TPM chip found, activating TPM-bypass!
[    1.298212] ima: Allocated hash algorithm: sha1
[    1.299571] evm: HMAC attrs: 0x1
[    1.301110]   Magic number: 10:564:119
[    1.302478] rtc_cmos rtc_cmos: setting system clock to 2022-06-22 08:06:07 UTC (1655885167)
[    1.305009] BIOS EDD facility v0.16 2004-Jun-25, 0 devices found
[    1.306995] EDD information not available.
[    1.412983] Freeing unused kernel memory: 1492K
[    1.414431] Write protecting the kernel read-only data: 14336k
[    1.417409] Freeing unused kernel memory: 1584K
[    1.419088] Freeing unused kernel memory: 52K
Loading, please wait...
starting version 229
[    1.445066] random: systemd-udevd: uninitialized urandom read (16 bytes read, 2 bits of entropy available)
[    1.445934] random: udevadm: uninitialized urandom read (16 bytes read, 2 bits of entropy available)
[    1.445961] random: udevadm: uninitialized urandom read (16 bytes read, 2 bits of entropy available)
[    1.462898] random: udevadm: uninitialized urandom read (16 bytes read, 2 bits of entropy available)
[    1.462950] random: systemd-udevd: uninitialized urandom read (16 bytes read, 2 bits of entropy available)
[    1.462966] random: systemd-udevd: uninitialized urandom read (16 bytes read, 2 bits of entropy available)
[    1.462985] random: systemd-udevd: uninitialized urandom read (16 bytes read, 2 bits of entropy available)
[    1.464531] random: systemd-udevd: uninitialized urandom read (16 bytes read, 2 bits of entropy available)
[    1.464551] random: systemd-udevd: uninitialized urandom read (16 bytes read, 2 bits of entropy available)
[    1.464560] random: systemd-udevd: uninitialized urandom read (16 bytes read, 2 bits of entropy available)
[    1.533188] Fusion MPT base driver 3.04.20
[    1.534546] Copyright (c) 1999-2008 LSI Corporation
[    1.537269] e1000: Intel(R) PRO/1000 Network Driver - version 7.3.21-k8-NAPI
[    1.539222] e1000: Copyright (c) 1999-2006 Intel Corporation.
[    1.546720] Fusion MPT SPI Host driver 3.04.20
[    1.562675] AVX version of gcm_enc/dec engaged.
[    1.564030] AES CTR mode by8 optimization enabled
[    1.745681] input: ImExPS/2 Generic Explorer Mouse as /devices/platform/i8042/serio1/input/input4
[    1.926686] e1000 0000:00:03.0 eth0: (PCI:33MHz:32-bit) 02:be:82:6b:cc:1d
[    1.929294] e1000 0000:00:03.0 eth0: Intel(R) PRO/1000 Network Connection
[    1.932452] mptbase: ioc0: Initiating bringup
[    1.933510] e1000 0000:00:03.0 enp0s3: renamed from eth0
[    2.232336] ioc0: LSI53C1030 A0: Capabilities={Initiator}
[    3.261318] scsi host2: ioc0: LSI53C1030 A0, FwRev=00000000h, Ports=1, MaxQ=256, IRQ=20
[    4.184157] scsi 2:0:0:0: Direct-Access     VBOX     HARDDISK         1.0  PQ: 0 ANSI: 5
[    4.186619] scsi target2:0:0: Beginning Domain Validation
[    4.189604] scsi target2:0:0: Domain Validation skipping write tests
[    4.191293] scsi target2:0:0: Ending Domain Validation
[    4.192785] scsi target2:0:0: asynchronous
[    4.194745] scsi 2:0:1:0: Direct-Access     VBOX     HARDDISK         1.0  PQ: 0 ANSI: 5
[    4.198205] scsi target2:0:1: Beginning Domain Validation
[    4.201544] scsi target2:0:1: Domain Validation skipping write tests
[    4.203267] scsi target2:0:1: Ending Domain Validation
[    4.204781] scsi target2:0:1: asynchronous
[    4.214090] sd 2:0:0:0: Attached scsi generic sg0 type 0
[    4.215663] sd 2:0:0:0: [sda] 83886080 512-byte logical blocks: (42.9 GB/40.0 GiB)
[    4.218302] sd 2:0:0:0: [sda] Write Protect is off
[    4.219732] sd 2:0:0:0: [sda] Incomplete mode parameter data
[    4.221390] sd 2:0:0:0: [sda] Assuming drive cache: write through
[    4.223034] sd 2:0:1:0: [sdb] 20480 512-byte logical blocks: (10.5 MB/10.0 MiB)
[    4.225612] sd 2:0:1:0: [sdb] Write Protect is off
[    4.225928] sd 2:0:1:0: Attached scsi generic sg1 type 0
[    4.229115] sd 2:0:1:0: [sdb] Incomplete mode parameter data
[    4.230912] sd 2:0:1:0: [sdb] Assuming drive cache: write through
[    4.235737]  sda: sda1
[    4.237860] sd 2:0:0:0: [sda] Attached SCSI disk
[    4.275065] sd 2:0:1:0: [sdb] Attached SCSI disk
Begin: Loading essential drivers ... [    6.674792] md: linear personality registered for level -1
[    6.681633] md: multipath personality registered for level -4
[    6.687865] md: raid0 personality registered for level 0
[    6.694606] md: raid1 personality registered for level 1
[    6.767633] raid6: sse2x1   gen()  4951 MB/s
[    6.836426] raid6: sse2x1   xor()  4744 MB/s
[    6.903831] raid6: sse2x2   gen() 10653 MB/s
[    6.972126] raid6: sse2x2   xor()  7086 MB/s
[    7.039667] raid6: sse2x4   gen() 11346 MB/s
[    7.107589] raid6: sse2x4   xor()  5622 MB/s
[    7.108851] raid6: using algorithm sse2x4 gen() 11346 MB/s
[    7.110276] raid6: .... xor() 5622 MB/s, rmw enabled
[    7.111746] raid6: using ssse3x2 recovery algorithm
[    7.115044] xor: automatically using best checksumming function:
[    7.156001]    avx       :  5392.000 MB/sec
[    7.159377] async_tx: api initialized (async)
[    7.170882] md: raid6 personality registered for level 6
[    7.172910] md: raid5 personality registered for level 5
[    7.174436] md: raid4 personality registered for level 4
[    7.183456] md: raid10 personality registered for level 10
done.
Begin: Running /scripts/init-premount ... done.
Begin: Mounting root file system ... Begin: Running /scripts/local-top ... done.
Begin: Running /scripts/local-premount ... [    7.215663] Btrfs loaded
Scanning for Btrfs filesystems
done.
Warning: fsck not present, so skipping root file system
[    7.373303] EXT4-fs (sda1): mounted filesystem with ordered data mode. Opts: (null)
done.
Begin: Running /scripts/local-bottom ... done.
Begin: Running /scripts/init-bottom ... done.
[    8.073741] systemd[1]: systemd 229 running in system mode. (+PAM +AUDIT +SELINUX +IMA +APPARMOR +SMACK +SYSVINIT +UTMP +LIBCRYPTSETUP +GCRYPT +GNUTLS +ACL +XZ -LZ4 +SECCOMP +BLKID +ELFUTILS +KMOD -IDN)
[    8.078748] systemd[1]: Detected virtualization oracle.
[    8.080109] systemd[1]: Detected architecture x86-64.

Welcome to [1mUbuntu 16.04.7 LTS[0m!

[    8.129432] systemd[1]: Set hostname to <ubuntu>.
[    8.154026] systemd[1]: Initializing machine ID from random generator.
[    8.155928] systemd[1]: Installed transient /etc/machine-id file.
[    8.507483] random: nonblocking pool is initialized
[    9.649487] systemd[1]: Listening on Device-mapper event daemon FIFOs.
[[0;32m  OK  [0m] Listening on Device-mapper event daemon FIFOs.
[    9.653092] systemd[1]: Created slice System Slice.
[[0;32m  OK  [0m] Created slice System Slice.
[    9.987975] systemd[1]: Listening on LVM2 poll daemon socket.
[[0;32m  OK  [0m] Listening on LVM2 poll daemon socket.
[   10.008072] systemd[1]: Listening on udev Kernel Socket.
[[0;32m  OK  [0m] Listening on udev Kernel Socket.
[   10.015785] systemd[1]: Listening on /dev/initctl Compatibility Named Pipe.
[[0;32m  OK  [0m] Listening on /dev/initctl Compatibility Named Pipe.
[   10.019111] systemd[1]: Listening on fsck to fsckd communication Socket.
[[0;32m  OK  [0m] Listening on fsck to fsckd communication Socket.
[   10.021951] systemd[1]: Reached target Encrypted Volumes.
[[0;32m  OK  [0m] Reached target Encrypted Volumes.
[   10.025152] systemd[1]: Created slice system-serial\x2dgetty.slice.
[[0;32m  OK  [0m] Created slice system-serial\x2dgetty.slice.
[   10.028018] systemd[1]: Listening on LVM2 metadata daemon socket.
[[0;32m  OK  [0m] Listening on LVM2 metadata daemon socket.
[   10.030899] systemd[1]: Listening on udev Control Socket.
[[0;32m  OK  [0m] Listening on udev Control Socket.
[   10.033745] systemd[1]: Set up automount Arbitrary Executable File Formats File System Automount Point.
[[0;32m  OK  [0m] Set up automount Arbitrary Executab...ats File System Automount Point.
[   10.038342] systemd[1]: Listening on Syslog Socket.
[[0;32m  OK  [0m] Listening on Syslog Socket.
[   10.040887] systemd[1]: Reached target User and Group Name Lookups.
[[0;32m  OK  [0m] Reached target User and Group Name Lookups.
[   10.043802] systemd[1]: Reached target Swap.
[[0;32m  OK  [0m] Reached target Swap.
[   10.046807] systemd[1]: Reached target System Time Synchronized.
[[0;32m  OK  [0m] Reached target System Time Synchronized.
[   10.050514] systemd[1]: Started Forward Password Requests to Wall Directory Watch.
[[0;32m  OK  [0m] Started Forward Password Requests to Wall Directory Watch.
[   10.056109] systemd[1]: Listening on Journal Socket (/dev/log).
[[0;32m  OK  [0m] Listening on Journal Socket (/dev/log).
[   10.059112] systemd[1]: Listening on Journal Socket.
[[0;32m  OK  [0m] Listening on Journal Socket.
[   10.084188] systemd[1]: Starting Load Kernel Modules...
         Starting Load Kernel Modules...
[   10.087333] systemd[1]: Starting Monitoring of LVM2 mirrors, snapshots etc. using dmeventd or progress polling...
         Starting Monitoring of LVM2 mirrors... dmeventd or progress polling...
[   10.092581] systemd[1]: Starting Uncomplicated firewall...
         Starting Uncomplicated firewall...
[   10.100642] systemd[1]: Mounting POSIX Message Queue File System...
         Mounting POSIX Message Queue File System...
[   10.106298] systemd[1]: Mounting Huge Pages File System...
         Mounting Huge Pages File System...
[   10.110702] systemd[1]: Starting Set console keymap...
         Starting Set console keymap...
[   10.114137] systemd[1]: Starting Nameserver information manager...
         Starting Nameserver information manager...
[   10.117814] systemd[1]: Starting File System Check on Root Device...
         Starting File System Check on Root Device...
[   10.150489] systemd[1]: Listening on Journal Audit Socket.
[[0;32m  OK  [0m] Listening on Journal Audit Socket.
[   10.168116] systemd[1]: Starting Journal Service...
         Starting Journal Service...
[   10.172047] systemd[1]: Starting Create list of required static device nodes for the current kernel...
         Starting Create list of required st... nodes for the current kernel...
[   10.177366] systemd[1]: Mounting Debug File System...
         Mounting Debug File System...
[   10.180192] systemd[1]: Started Trigger resolvconf update for networkd DNS.
[[0;32m  OK  [0m] Started Trigger resolvconf update for networkd DNS.
[   10.183728] systemd[1]: Created slice User and Session Slice.
[[0;32m  OK  [0m] Created slice User and Session Slice.
[   10.187007] systemd[1]: Reached target Slices.
[[0;32m  OK  [0m] Reached target Slices.
[   10.191324] systemd[1]: Mounted Huge Pages File System.
[[0;32m  OK  [0m] Mounted Huge Pages File System.
[   10.193848] systemd[1]: Mounted POSIX Message Queue File System.
[[0;32m  OK  [0m] Mounted POSIX Message Queue File System.
[   10.196689] systemd[1]: Mounted Debug File System.
[[0;32m  OK  [0m] Mounted Debug File System.
[   10.199946] systemd[1]: Started Uncomplicated firewall.
[[0;32m  OK  [0m] Started Uncomplicated firewall.
[   10.276721] systemd[1]: Started File System Check Daemon to report status.
[[0;32m  OK  [0m] Started File System Check Daemon to report status.
[   10.288755] systemd[1]: Started Create list of required static device nodes for the current kernel.
[[0;32m  OK  [0m] Started Create list of required sta...ce nodes for the current kernel.
[   10.319867] systemd[1]: Starting Create Static Device Nodes in /dev...
         Starting Create Static Device Nodes in /dev...
[   10.324662] systemd[1]: Started Nameserver information manager.
[[0;32m  OK  [0m] Started Nameserver information manager.
[   10.384675] systemd[1]: Started Set console keymap.
[[0;32m  OK  [0m] Started Set console keymap.
[   10.515017] Loading iSCSI transport class v2.0-870.
[   10.531096] systemd[1]: Started File System Check on Root Device.
[[0;32m  OK  [0m] Started File System Check on Root Device.
[   10.555829] systemd[1]: Starting Remount Root and Kernel File Systems...
         Starting Remount Root and Kernel File Systems...
[   10.560181] systemd[1]: Started Journal Service.
[[0;32m  OK  [0m] Started Journal Service.
[   10.619519] EXT4-fs (sda1): re-mounted. Opts: (null)
[[0;32m  OK  [0m] Started Remount Root and Kernel File Systems.
[   10.628018] iscsi: registered transport (tcp)
         Starting Flush Journal to Persistent Storage...
         Starting Load/Save Random Seed...
         Starting udev Coldplug all Devices...
[[0;32m  OK  [0m] Started udev Coldplug all Devices.
[   10.778020] systemd-journald[407]: Received request to flush runtime journal from PID 1
[[0;32m  OK  [0m] Started Load/Save Random Seed.
[[0;32m  OK  [0m] Started Flush Journal to Persistent Storage.
[[0;32m  OK  [0m] Started LVM2 metadata daemon.
[   11.042562] iscsi: registered transport (iser)
[[0;32m  OK  [0m] Started Load Kernel Modules.
         Mounting FUSE Control File System...
         Starting Apply Kernel Variables...
[[0;32m  OK  [0m] Mounted FUSE Control File System.
[[0;32m  OK  [0m] Started Create Static Device Nodes in /dev.
         Starting udev Kernel Device Manager...
[[0;32m  OK  [0m] Started Apply Kernel Variables.
[[0;32m  OK  [0m] Started Monitoring of LVM2 mirrors,...ng dmeventd or progress polling.
[[0;32m  OK  [0m] Reached target Local File Systems (Pre).
[[0;32m  OK  [0m] Reached target Local File Systems.
         Starting Tell Plymouth To Write Out Runtime Data...
         Starting Commit a transient machine-id on disk...
         Starting Set console font and keymap...
         Starting LSB: AppArmor initialization...
         Starting Initial cloud-init job (pre-networking)...
         Starting Create Volatile Files and Directories...
[[0;32m  OK  [0m] Started Commit a transient machine-id on disk.
[[0;32m  OK  [0m] Started Tell Plymouth To Write Out Runtime Data.
[[0;32m  OK  [0m] Started Create Volatile Files and Directories.
         Starting Update UTMP about System Boot/Shutdown...
[[0;32m  OK  [0m] Started Update UTMP about System Boot/Shutdown.
[[0;32m  OK  [0m] Started udev Kernel Device Manager.
[[0;32m  OK  [0m] Started Dispatch Password Requests to Console Directory Watch.
[[0;32m  OK  [0m] Found device /dev/ttyS0.
[[0;32m  OK  [0m] Listening on Load/Save RF Kill Switch Status /dev/rfkill Watch.
[[0;32m  OK  [0m] Started Set console font and keymap.
[[0;32m  OK  [0m] Created slice system-getty.slice.
[[0;32m  OK  [0m] Started LSB: AppArmor initialization.
         Starting Load AppArmor profiles managed internally by snapd...
[[0;32m  OK  [0m] Started Load AppArmor profiles managed internally by snapd.
[   17.561753] cloud-init[502]: Cloud-init v. 21.1-19-gbad84ad4-0ubuntu1~16.04.2 running 'init-local' at Wed, 22 Jun 2022 08:06:23 +0000. Up 16.94 seconds.
[[0;32m  OK  [0m] Started Initial cloud-init job (pre-networking).
[[0;32m  OK  [0m] Reached target Network (Pre).
         Starting Raise network interfaces...
[[0;32m  OK  [0m] Started Raise network interfaces.
         Starting Initial cloud-init job (metadata service crawler)...
[[0;32m  OK  [0m] Reached target Network.
[   20.384360] cloud-init[966]: Cloud-init v. 21.1-19-gbad84ad4-0ubuntu1~16.04.2 running 'init' at Wed, 22 Jun 2022 08:06:25 +0000. Up 18.45 seconds.
[   20.387510] cloud-init[966]: ci-info: ++++++++++++++++++++++++++++++++++++++Net device info++++++++++++++++++++++++++++++++++++++
[   20.397712] cloud-init[966]: ci-info: +--------+------+----------------------------+---------------+--------+-------------------+
[   20.400168] cloud-init[966]: ci-info: | Device |  Up  |          Address           |      Mask     | Scope  |     Hw-Address    |
[   20.402564] cloud-init[966]: ci-info: +--------+------+----------------------------+---------------+--------+-------------------+
[   20.405335] cloud-init[966]: ci-info: | enp0s3 | True |         10.0.2.15          | 255.255.255.0 | global | 02:be:82:6b:cc:1d |
[   20.408015] cloud-init[966]: ci-info: | enp0s3 | True | fe80::be:82ff:fe6b:cc1d/64 |       .       |  link  | 02:be:82:6b:cc:1d |
[   20.411366] cloud-init[966]: ci-info: |   lo   | True |         127.0.0.1          |   255.0.0.0   |  host  |         .         |
[   20.413765] cloud-init[966]: ci-info: |   lo   | True |          ::1/128           |       .       |  host  |         .         |
[   20.416728] cloud-init[966]: ci-info: +--------+------+----------------------------+---------------+--------+-------------------+
[   20.419086] cloud-init[966]: ci-info: +++++++++++++++++++++++++++Route IPv4 info++++++++++++++++++++++++++++
[   20.420253] cloud-init[966]: ci-info: +-------+-------------+----------+---------------+-----------+-------+
[   20.422522] cloud-init[966]: ci-info: | Route | Destination | Gateway  |    Genmask    | Interface | Flags |
[   20.424424] cloud-init[966]: ci-info: +-------+-------------+----------+---------------+-----------+-------+
[   20.426295] cloud-init[966]: ci-info: |   0   |   0.0.0.0   | 10.0.2.2 |    0.0.0.0    |   enp0s3  |   UG  |
[   20.428120] cloud-init[966]: ci-info: |   1   |   10.0.2.0  | 0.0.0.0  | 255.255.255.0 |   enp0s3  |   U   |
[   20.430047] cloud-init[966]: ci-info: +-------+-------------+----------+---------------+-----------+-------+
[   20.431797] cloud-init[966]: ci-info: +++++++++++++++++++Route IPv6 info+++++++++++++++++++
[   20.433427] cloud-init[966]: ci-info: +-------+-------------+---------+-----------+-------+
[   20.435307] cloud-init[966]: ci-info: | Route | Destination | Gateway | Interface | Flags |
[   20.444420] cloud-init[966]: ci-info: +-------+-------------+---------+-----------+-------+
[[0;32m  OK  [0m] Started Initial cloud-init job (metadata service crawler).
[   20.444675] cloud-init[966]: ci-info: |   0   |  fe80::/64  |    ::   |   enp0s3  |   U   |
[   20.445795] cloud-init[966]: ci-info: |   3   |   ff00::/8  |    ::   |   enp0s3  |   U   |
[   20.446299] cloud-init[966]: ci-info: +-------+-------------+---------+-----------+-------+
[   20.447120] cloud-init[966]: Generating public/private rsa key pair.
[   20.447354] cloud-init[966]: Your identification has been saved in /etc/ssh/ssh_host_rsa_key.
[   20.447933] cloud-init[966]: Your public key has been saved in /etc/ssh/ssh_host_rsa_key.pub.
[   20.448305] cloud-init[966]: The key fingerprint is:
[   20.448705] cloud-init[966]: SHA256:7y9JQye6wewG9zkyqXi8arZIOXsABhP8G0fdlXOVeA4 root@ubuntu-xenial
[   20.449175] cloud-init[966]: The key's randomart image is:
[   20.449639] cloud-init[966]: +---[RSA 2048]----+
[   20.449999] cloud-init[966]: |o.    . . ... o..|
[   20.450490] cloud-init[966]: |o.   . . . o E o |
[   20.450947] cloud-init[966]: |... .       o +  |
[   20.451386] cloud-init[966]: |.. o .    o .  . |
[   20.451746] [[0;32m  OK  [0m] Reached target Network is Online.
cloud-init[966]: |..  +  oSo o     |
[   20.460554] cloud-init[966]: |  .o  . *.o      |
[   20.461722] cloud-init[966]: |  +. . + *.+     |
[   20.463139] cloud-init[966]: | . ++.o B.*      |
[   20.464375] cloud-init[966]: |  o+++o+ o.+.    |
[   20.465790] cloud-init[966]: +----[SHA256]-----+
[   20.467218] cloud-init[966]: Generating public/private dsa key pair.
[   20.468657] cloud-init[966]: Your identification has been saved in /etc/ssh/ssh_host_dsa_key.
[   20.477493]          Starting iSCSI initiator daemon (iscsid)...
[[0;32m  OK  [0m] Reached target Cloud-config availability.
[[0;32m  OK  [0m] Reached target System Initialization.
         Starting Socket activation for snappy daemon.
[[0;32m  OK  [0m] Started Daily Cleanup of Temporary Directories.
[[0;32m  OK  [0m] Listening on UUID daemon activation socket.
cloud-init[966]: Your public key has been saved in /etc/ssh/ssh_host_dsa_key.pub.
[   20.483706] cloud-init[966]: The key fingerprint is:
[   20.484884] cloud-init[966]: SHA256:V5MuNfFv37bOIM1L46KLnhOpzhpLMxahELGSjAJvAWE root@ubuntu-xenial
[   20.486781] cloud-init[966]: The key's randomart image is:
[   20.488225] cloud-init[966]: +---[DSA 1024]----+
[   20.489448] cloud-init[966]: |*E.         .    |
[   20.490602] cloud-init[966]: |== .         +   |
[   20.491723] cloud-init[966]: |B.o.        * .  |
[   20.493105] cloud-init[966]: |+.. .      + o . |
[   20.494279] cloud-init[966]: | . .    S o .   o|
[   20.495653] cloud-init[966]: |    .  o . .o  .o|
[   20.500860] cloud-init[966]: |   *  . .  . *  +|
[   20.502049] cloud-init[966]: |  o *. .o  .+ =..|
[   20.503386] cloud-init[966]: |   ooo.+.oo .o.+ |
[   20.504626] cloud-init[966]: +----[SHA256]-----+
[   20.505774] cloud-init[966]: Generating public/private ecdsa key pair.
[   20.507122] cloud-init[966]: Your identification has been saved in /etc/ssh/ssh_host_ecdsa_key.
[   20.508931] cloud-init[966]: Your public key has been saved in /etc/ssh/ssh_host_ecdsa_key.pub.
[   20.517442] cloud-init[966]: The key fingerprint is:
[   20.517629] cloud-init[966]: SHA256:nXEoRrEkna83IzozGRf4Cx7VlsAUM2rl/G24z5SXmdg root@ubuntu-xenial
[   20.518071] cloud-init[966]: The key's randomart image is:
[   20.518528] cloud-init[966]: +---[ECDSA 256]---+
[   20.518887] cloud-init[966]: |      .+X+       |
[   20.519574] cloud-init[966]: |       O=+ .     |
[   20.519866] cloud-init[966]: |      o.*+o..    |
[   20.520484] cloud-init[966]: |     ...o+=*     |
[   20.521117] cloud-init[966]: |       oS+= o    |
[   20.521452] cloud-init[966]: |      + = +o + + |
[   20.521880] cloud-init[966]: |     . B +.o+ E  |
[   20.522338] cloud-init[966]: |      B .  + .   |
[   20.522800] cloud-init[966]: |       +    o    |
[   20.522960] cloud-init[966]: +----[SHA256]-----+
[   20.523146] cloud-init[966]: Generating public/private ed25519 key pair.
[   20.523715] cloud-init[966]: Your identification has been saved in /etc/ssh/ssh_host_ed25519_key.
[   20.523860] cloud-init[966]: Your public key has been saved in /etc/ssh/ssh_host_ed25519_key.pub.
[   20.524048] cloud-init[966]: The key fingerprint is:
[   20.524223] cloud-init[966]: SHA256:t0T7gG5QjtndFb77L49WVoz6vnd1RpZNJ9uOf2qNdzk root@ubuntu-xenial
[   20.524497] cloud-init[966]: The key's randomart image is:
[   20.525134] cloud-init[966]: +--[ED25519 256]--+
[   20.525664] cloud-init[966]: |              .  |
[   20.526163] cloud-init[966]: |             ...o|
[[0;32m  OK  [0m] Started ACPI Events Check.
[   20.526501] cloud-init[966]: |        . .   oB+|
[   20.537320] cloud-init[966]: |       * + o .ooB|
[   20.537526] cloud-init[966]: |      + S * ...=.|
[   20.538572] cloud-init[966]: |       o o +. ..B|
[   20.539947] cloud-init[966]: |        o . ...B+|
[   20.540007] cloud-init[966]: |       .      *EO|
[   20.540358] cloud-init[966]: |             +=BX|
[   20.541130] cloud-init[966]: +----[SHA256]-----+
[[0;32m  OK  [0m] Reached target Paths.
         Starting LXD - unix socket.
[[0;32m  OK  [0m] Started Daily apt download activities.
[[0;32m  OK  [0m] Started Daily apt upgrade and clean activities.
[[0;32m  OK  [0m] Started Message of the Day.
[[0;32m  OK  [0m] Listening on D-Bus System Message Bus Socket.
[[0;32m  OK  [0m] Started Ubuntu Advantage update messaging.
[[0;32m  OK  [0m] Reached target Timers.
[[0;32m  OK  [0m] Listening on ACPID Listen Socket.
[[0;32m  OK  [0m] Listening on Socket activation for snappy daemon.
[[0;32m  OK  [0m] Listening on LXD - unix socket.
[[0;32m  OK  [0m] Reached target Sockets.
[[0;32m  OK  [0m] Reached target Basic System.
         Starting Pollinate to seed the pseudo random number generator...
         Starting Virtualbox guest utils...
[[0;32m  OK  [0m] Started FUSE filesystem for LXC.
         Starting Login Service...
[[0;32m  OK  [0m] Started Deferred execution scheduler.
         Starting /etc/rc.local Compatibility...
[[0;32m  OK  [0m] Started D-Bus System Message Bus.
         Starting LSB: Record successful boot for GRUB...
         Starting LXD - container startup/shutdown...
         Starting LSB: MD monitoring daemon...
         Starting System Logging Service...
[[0;32m  OK  [0m] Started ACPI event daemon.
         Starting Accounts Service...
[[0;32m  OK  [0m] Started Regular background program processing daemon.
         Starting Snap Daemon...
[[0;32m  OK  [0m] Started iSCSI initiator daemon (iscsid).
[[0;32m  OK  [0m] Started /etc/rc.local Compatibility.
[[0;32m  OK  [0m] Started Login Service.
[[0;32m  OK  [0m] Started Unattended Upgrades Shutdown.
         Starting Login to default iSCSI targets...
[[0;32m  OK  [0m] Started Login to default iSCSI targets.
[[0;32m  OK  [0m] Reached target Remote File Systems (Pre).
[[0;32m  OK  [0m] Reached target Remote File Systems.
         Starting LSB: daemon to balance interrupts for SMP systems...
         Starting Permit User Sessions...
         Starting LSB: Set the CPU Frequency Scaling governor to "ondemand"...
         Starting LSB: automatic crash report generation...
[[0;32m  OK  [0m] Started LSB: Set the CPU Frequency Scaling governor to "ondemand".
[[0;32m  OK  [0m] Started Permit User Sessions.
         Starting Hold until boot process finishes up...
         Starting Terminate Plymouth Boot Screen...
[[0;32m  OK  [0m] Started Hold until boot process finishes up.
         Starting Set console scheme...
[[0;32m  OK  [0m] Started Getty on tty1.
[[0;32m  OK  [0m] Started Serial Getty on ttyS0.
[[0;32m  OK  [0m] Reached target Login Prompts.
[[0;32m  OK  [0m] Started Terminate Plymouth Boot Screen.
[[0;32m  OK  [0m] Started LSB: Record successful boot for GRUB.
[[0;32m  OK  [0m] Started Set console scheme.
[[0;32m  OK  [0m] Started System Logging Service.
[[0;32m  OK  [0m] Started LSB: automatic crash report generation.
[[0;32m  OK  [0m] Started LSB: MD monitoring daemon.
[[0;32m  OK  [0m] Started LSB: daemon to balance interrupts for SMP systems.
[[0;32m  OK  [0m] Started Virtualbox guest utils.
         Starting Authenticate and Authorize Users to Run Privileged Tasks...
[[0;32m  OK  [0m] Started Authenticate and Authorize Users to Run Privileged Tasks.
[[0;32m  OK  [0m] Started Accounts Service.
[[0;32m  OK  [0m] Started Pollinate to seed the pseudo random number generator.
         Starting OpenBSD Secure Shell server...
[[0;32m  OK  [0m] Started OpenBSD Secure Shell server.
[[0;32m  OK  [0m] Started LXD - container startup/shutdown.
[[0;32m  OK  [0m] Started Snap Daemon.
         Starting Wait until snapd is fully seeded...
[[0;32m  OK  [0m] Started Wait until snapd is fully seeded.
         Starting Apply the settings specified in cloud-config...
[[0;32m  OK  [0m] Reached target Multi-User System.
[[0;32m  OK  [0m] Reached target Graphical Interface.
         Starting Update UTMP about System Runlevel Changes...
[[0;32m  OK  [0m] Started Update UTMP about System Runlevel Changes.
[   26.517108] cloud-init[1314]: Generating locales (this might take a while)...

Ubuntu 16.04.7 LTS ubuntu-xenial ttyS0

ubuntu-xenial login: [   27.851186] cloud-init[1314]:   en_US.UTF-8... done
[   27.852568] cloud-init[1314]: Generation complete.
[   30.139357] cloud-init[1314]: Cloud-init v. 21.1-19-gbad84ad4-0ubuntu1~16.04.2 running 'modules:config' at Wed, 22 Jun 2022 08:06:32 +0000. Up 26.29 seconds.
ci-info: no authorized SSH keys fingerprints found for user ubuntu.
<14>Jun 22 08:06:37 ec2: 
<14>Jun 22 08:06:37 ec2: #############################################################
<14>Jun 22 08:06:37 ec2: -----BEGIN SSH HOST KEY FINGERPRINTS-----
<14>Jun 22 08:06:37 ec2: 1024 SHA256:V5MuNfFv37bOIM1L46KLnhOpzhpLMxahELGSjAJvAWE root@ubuntu-xenial (DSA)
<14>Jun 22 08:06:37 ec2: 256 SHA256:nXEoRrEkna83IzozGRf4Cx7VlsAUM2rl/G24z5SXmdg root@ubuntu-xenial (ECDSA)
<14>Jun 22 08:06:37 ec2: 256 SHA256:t0T7gG5QjtndFb77L49WVoz6vnd1RpZNJ9uOf2qNdzk root@ubuntu-xenial (ED25519)
<14>Jun 22 08:06:37 ec2: 2048 SHA256:7y9JQye6wewG9zkyqXi8arZIOXsABhP8G0fdlXOVeA4 root@ubuntu-xenial (RSA)
<14>Jun 22 08:06:37 ec2: -----END SSH HOST KEY FINGERPRINTS-----
<14>Jun 22 08:06:37 ec2: #############################################################
-----BEGIN SSH HOST KEY KEYS-----
ecdsa-sha2-nistp256 AAAAE2VjZHNhLXNoYTItbmlzdHAyNTYAAAAIbmlzdHAyNTYAAABBBF2srERPHb+pjZKjLRh6z3gsV5GgggjKIU5rLLA/ObBDJkYHKVDZaBEy6hKDiQE0YJYDNKtJrg2rVbHKh1qWj6I= root@ubuntu-xenial
ssh-ed25519 AAAAC3NzaC1lZDI1NTE5AAAAIKZOKmBeO6OhwnPM0ZzyHcsrl0g4hlwxf4e8ugu8eyXO root@ubuntu-xenial
ssh-rsa AAAAB3NzaC1yc2EAAAADAQABAAABAQCa1kvBPiEAa/U4IHMxzhDiAID3RE2tGf8z5jXMvoFWS32EqSbWm3qx9JwjWtL6Ut/Ciqc72MXagK8qYE+o96KBlQzXjJxHcAriDLuEyhxixb3g2jGFacfR9D//uZJ+YpQ6IlBQ5SLiZ+Tio0IzuNW1cieXLWd2Ngt5Gi9V16A6se+LfsdNGvFxqkvSYDPrX9Mu5erObymaSvH52O9yejX5Q0grB/DTjt+fNuirNluKX1rNEQmA/A78/t0YpUz4kR7opqJu7jgeQOhNeUm4IWKoV0M5nJlom1fzwLRL/0PL2ubDA23m9ugJuDGJIWs3wS0bIo+DzE2KwNwHeQlBbh+B root@ubuntu-xenial
-----END SSH HOST KEY KEYS-----
[   30.920933] cloud-init[1537]: Cloud-init v. 21.1-19-gbad84ad4-0ubuntu1~16.04.2 running 'modules:final' at Wed, 22 Jun 2022 08:06:37 +0000. Up 30.57 seconds.
[   30.940157] cloud-init[1537]: ci-info: no authorized SSH keys fingerprints found for user ubuntu.
[   30.943536] cloud-init[1537]: Cloud-init v. 21.1-19-gbad84ad4-0ubuntu1~16.04.2 finished at Wed, 22 Jun 2022 08:06:37 +0000. Datasource DataSourceNoCloud [seed=/dev/sdb][dsmode=net].  Up 30.91 seconds
